{
  "appMode" : "default",
  "availableComponentTypes" : [ "Learner", "Manipulator", "Predictor", "Sink", "Source", "Visualizer", "Other" ],
  "availablePortTypes" : {
    "org.knime.core.node.BufferedDataTable" : {
      "color" : "#000000",
      "kind" : "table",
      "name" : "Table",
      "views" : {
        "descriptorMapping" : {
          "configured" : [ 0, 2 ],
          "executed" : [ 1, 2 ]
        },
        "descriptors" : [ {
          "isSpecView" : true,
          "label" : "Table"
        }, {
          "label" : "Table"
        }, {
          "label" : "Statistics"
        } ]
      }
    },
    "org.knime.core.node.port.PortObject" : {
      "color" : "#9B9B9B",
      "kind" : "generic",
      "name" : "Generic Port"
    },
    "org.knime.core.node.port.database.DatabaseConnectionPortObject" : {
      "color" : "#FF4B4B",
      "compatibleTypes" : [ "org.knime.core.node.port.database.DatabasePortObject" ],
      "hidden" : true,
      "kind" : "other",
      "name" : "Database Connection"
    },
    "org.knime.core.node.port.database.DatabasePortObject" : {
      "color" : "#800000",
      "compatibleTypes" : [ "org.knime.core.node.port.database.DatabaseConnectionPortObject" ],
      "hidden" : true,
      "kind" : "other",
      "name" : "Database Query"
    },
    "org.knime.core.node.port.viewproperty.ShapeHandlerPortObject" : {
      "color" : "#1EB9DC",
      "hidden" : true,
      "kind" : "other",
      "name" : "Shape"
    }
  },
  "featureFlags" : {
    "org.knime.ui.feature.modern_layout_editor_feature" : false
  },
  "openProjects" : [ {
    "activeWorkflowId" : "root",
    "name" : "hollow",
    "origin" : {
      "itemId" : "PLACEHOLDER_FOR_ITEM_ID",
      "projectType" : "Workflow",
      "providerId" : "Provider ID for testing",
      "spaceId" : "Space ID for testing",
      "versionId" : "current-state"
    },
    "projectId" : "the_workflow_project_id"
  } ],
  "spaceProviders" : [ {
    "connected" : true,
    "connectionMode" : "AUTOMATIC",
    "id" : "local_provider",
    "name" : "Local Provider",
    "type" : "LOCAL"
  }, {
    "connected" : true,
    "connectionMode" : "AUTHENTICATED",
    "id" : "connected_provider",
    "name" : "Connected Provider",
    "type" : "HUB",
    "username" : "test-username"
  } ],
  "suggestedPortTypeIds" : [ "org.knime.core.node.BufferedDataTable", "org.knime.core.node.port.flowvariable.FlowVariablePortObject", "org.knime.core.node.port.PortObject", "org.knime.core.node.workflow.capture.WorkflowPortObject" ]
}