[ {
  "connectedVia" : "[  ]",
  "index" : 0,
  "name" : "Variable Inport",
  "optional" : true,
  "typeId" : "org.knime.core.node.port.flowvariable.FlowVariablePortObject"
}, {
  "connectedVia" : "[  ]",
  "index" : 1,
  "name" : "Collecting data",
  "optional" : false,
  "portGroupId" : "Collector",
  "typeId" : "org.knime.core.node.BufferedDataTable"
}, {
  "connectedVia" : "[  ]",
  "index" : 2,
  "name" : "Recursion data",
  "optional" : false,
  "portGroupId" : "Recursion",
  "typeId" : "org.knime.core.node.BufferedDataTable"
} ]