{
  "description" : {
    "contentType" : "text/plain",
    "value" : "Workflow with metadata\n\nThe workflow description"
  },
  "lastEdit" : "DATE_TIME_PLACEHOLDER",
  "links" : [ {
    "text" : "BLUB",
    "url" : "http://blub.com"
  } ],
  "metadataType" : "project",
  "tags" : [ "tag1", "tag2" ]
}