{
  "componentMetadata" : {
    "description" : "",
    "inPorts" : [ {
      "name" : "Port 1",
      "optional" : false,
      "typeId" : "org.knime.core.node.BufferedDataTable",
      "typeName" : "Table"
    } ],
    "name" : "Component",
    "outPorts" : [ {
      "name" : "Port 1",
      "optional" : false,
      "typeId" : "org.knime.core.node.BufferedDataTable",
      "typeName" : "Table"
    } ],
    "views" : [ {
      "name" : "JavaScript Table View"
    } ]
  },
  "connections" : {
    "root:23:0:10_1" : {
      "destNode" : "root:23:0:10",
      "destPort" : 1,
      "id" : "root:23:0:10_1",
      "sourceNode" : "root:23:0:8",
      "sourcePort" : 1
    },
    "root:23:0:9_1" : {
      "destNode" : "root:23:0:9",
      "destPort" : 1,
      "id" : "root:23:0:9_1",
      "sourceNode" : "root:23:0:10",
      "sourcePort" : 1
    }
  },
  "dirty" : false,
  "info" : {
    "containerId" : "root:23",
    "containerType" : "component",
    "name" : "Component"
  },
  "nodeTemplates" : {
    "org.knime.core.node.workflow.virtual.subnode.VirtualSubNodeInputNodeFactory#Component Input" : {
      "icon" : "data:image/png;base64,iVBORw0KGgoAAAANSUhEUgAAABAAAAAQCAYAAAAf8/9hAAAABmJLR0QA/wD/AP+gvaeTAAAACXBIWXMAAA3XAAAN1wFCKJt4AAAAB3RJTUUH3gMNDwYK7Pl8VwAAAN1JREFUOMvVkj0KwkAQhb9ZNQb8gYA5goUnECy9ggew9AiexdJ72FiJnZ1gYZELKBJko5ixMCYK/kRSOc3ug7cz770dUVWKVDkPSZZCs9pERFBVDtEB7Wr+BnWnTr/dxyk5nC4nZpvZZwUi8oRbixZ+zU+xG7kpx3x7/JJlXmQgIwEPGCQED3Ry89lYNQj2ARVT4RyfsY7lHn5mwQOGQBWIgGk2JTyGzLdzDIaYGGttpiCVPAY6j8llV+29/2pDwTKqmvphDWyTM/x1kXaJbwPECc6zZEVXuXgG/9/gCm3SQpkbJEazAAAAAElFTkSuQmCC",
      "name" : "Component Input",
      "type" : "VirtualIn"
    },
    "org.knime.core.node.workflow.virtual.subnode.VirtualSubNodeOutputNodeFactory#Component Output" : {
      "icon" : "data:image/png;base64,iVBORw0KGgoAAAANSUhEUgAAABAAAAAQCAYAAAAf8/9hAAAABmJLR0QA/wD/AP+gvaeTAAAACXBIWXMAAA3XAAAN1wFCKJt4AAAAB3RJTUUH3gMNDwYK7Pl8VwAAAN1JREFUOMvVkj0KwkAQhb9ZNQb8gYA5goUnECy9ggew9AiexdJ72FiJnZ1gYZELKBJko5ixMCYK/kRSOc3ug7cz770dUVWKVDkPSZZCs9pERFBVDtEB7Wr+BnWnTr/dxyk5nC4nZpvZZwUi8oRbixZ+zU+xG7kpx3x7/JJlXmQgIwEPGCQED3Ry89lYNQj2ARVT4RyfsY7lHn5mwQOGQBWIgGk2JTyGzLdzDIaYGGttpiCVPAY6j8llV+29/2pDwTKqmvphDWyTM/x1kXaJbwPECc6zZEVXuXgG/9/gCm3SQpkbJEazAAAAAElFTkSuQmCC",
      "name" : "Component Output",
      "type" : "VirtualOut"
    },
    "org.knime.js.base.node.viz.pagedTable.PagedTableViewNodeFactory" : {
      "icon" : "data:image/png;base64,iVBORw0KGgoAAAANSUhEUgAAABAAAAAQCAYAAAAf8/9hAAAACXBIWXMAAAsSAAALEgHS3X78AAAAPklEQVQ4je2RMQoAIBRCX13Mo3s024I//4agBBdBER1AaGB2zBcFJNm0jaSiJUEStot2rkEHgxM3/g2e32ABBL1vm0aW6zoAAAAASUVORK5CYII=",
      "name" : "Table View",
      "type" : "Visualizer"
    }
  },
  "nodes" : {
    "root:23:0:10" : {
      "id" : "root:23:0:10",
      "inPorts" : [ {
        "connectedVia" : "[  ]",
        "index" : 0,
        "name" : "Variable Inport",
        "optional" : true,
        "typeId" : "org.knime.core.node.port.flowvariable.FlowVariablePortObject"
      }, {
        "connectedVia" : "[ root:23:0:10_1 ]",
        "index" : 1,
        "name" : "Input to display",
        "optional" : false,
        "typeId" : "org.knime.core.node.BufferedDataTable"
      } ],
      "kind" : "node",
      "outPorts" : [ {
        "connectedVia" : "[  ]",
        "index" : 0,
        "name" : "Variable Outport",
        "typeId" : "org.knime.core.node.port.flowvariable.FlowVariablePortObject"
      }, {
        "connectedVia" : "[ root:23:0:9_1 ]",
        "index" : 1,
        "name" : "Input data and view selection",
        "typeId" : "org.knime.core.node.BufferedDataTable"
      } ],
      "position" : {
        "x" : 150,
        "y" : 126
      },
      "state" : {
        "executionState" : "IDLE"
      },
      "templateId" : "org.knime.js.base.node.viz.pagedTable.PagedTableViewNodeFactory"
    },
    "root:23:0:8" : {
      "id" : "root:23:0:8",
      "inPorts" : [ {
        "connectedVia" : "[  ]",
        "index" : 0,
        "name" : "Variable Inport",
        "optional" : true,
        "typeId" : "org.knime.core.node.port.flowvariable.FlowVariablePortObject"
      } ],
      "kind" : "node",
      "outPorts" : [ {
        "connectedVia" : "[  ]",
        "index" : 0,
        "name" : "Variable Outport",
        "typeId" : "org.knime.core.node.port.flowvariable.FlowVariablePortObject"
      }, {
        "connectedVia" : "[ root:23:0:10_1 ]",
        "index" : 1,
        "name" : "Delegated Component Input 0",
        "typeId" : "org.knime.core.node.BufferedDataTable"
      } ],
      "position" : {
        "x" : 50,
        "y" : 126
      },
      "state" : {
        "executionState" : "IDLE",
        "warning" : "PLACEHOLDER_FOR_WARNING_MESSAGE"
      },
      "templateId" : "org.knime.core.node.workflow.virtual.subnode.VirtualSubNodeInputNodeFactory#Component Input"
    },
    "root:23:0:9" : {
      "id" : "root:23:0:9",
      "inPorts" : [ {
        "connectedVia" : "[  ]",
        "index" : 0,
        "name" : "Variable Inport",
        "optional" : true,
        "typeId" : "org.knime.core.node.port.flowvariable.FlowVariablePortObject"
      }, {
        "connectedVia" : "[ root:23:0:9_1 ]",
        "index" : 1,
        "name" : "Passed-on Component Output 0",
        "optional" : false,
        "typeId" : "org.knime.core.node.BufferedDataTable"
      } ],
      "kind" : "node",
      "outPorts" : [ {
        "connectedVia" : "[  ]",
        "index" : 0,
        "name" : "Variable Outport",
        "typeId" : "org.knime.core.node.port.flowvariable.FlowVariablePortObject"
      } ],
      "position" : {
        "x" : 250,
        "y" : 126
      },
      "state" : {
        "executionState" : "IDLE"
      },
      "templateId" : "org.knime.core.node.workflow.virtual.subnode.VirtualSubNodeOutputNodeFactory#Component Output"
    }
  },
  "parents" : [ {
    "containerId" : "root",
    "containerType" : "project",
    "name" : "general_web_ui"
  } ],
  "workflowAnnotations" : [ ]
}