{
  "id" : 1,
  "jsonrpc" : "2.0",
  "result" : {
    "rows" : [ ],
    "spec" : {
      "cellTypes" : {
        "org.knime.core.data.def.IntCell" : {
          "name" : "Number (integer)",
          "preferredValueId" : "org.knime.core.data.IntValue"
        }
      },
      "columns" : [ {
        "domain" : null,
        "name" : "col 0",
        "typeRef" : "org.knime.core.data.def.IntCell"
      }, {
        "domain" : null,
        "name" : "col 1",
        "typeRef" : "org.knime.core.data.def.IntCell"
      }, {
        "domain" : null,
        "name" : "col 2",
        "typeRef" : "org.knime.core.data.def.IntCell"
      }, {
        "domain" : null,
        "name" : "col 3",
        "typeRef" : "org.knime.core.data.def.IntCell"
      }, {
        "domain" : null,
        "name" : "col 4",
        "typeRef" : "org.knime.core.data.def.IntCell"
      }, {
        "domain" : null,
        "name" : "col 5",
        "typeRef" : "org.knime.core.data.def.IntCell"
      }, {
        "domain" : null,
        "name" : "col 6",
        "typeRef" : "org.knime.core.data.def.IntCell"
      }, {
        "domain" : null,
        "name" : "col 7",
        "typeRef" : "org.knime.core.data.def.IntCell"
      }, {
        "domain" : null,
        "name" : "col 8",
        "typeRef" : "org.knime.core.data.def.IntCell"
      }, {
        "domain" : null,
        "name" : "col 9",
        "typeRef" : "org.knime.core.data.def.IntCell"
      }, {
        "domain" : null,
        "name" : "col 10",
        "typeRef" : "org.knime.core.data.def.IntCell"
      }, {
        "domain" : null,
        "name" : "col 11",
        "typeRef" : "org.knime.core.data.def.IntCell"
      }, {
        "domain" : null,
        "name" : "col 12",
        "typeRef" : "org.knime.core.data.def.IntCell"
      }, {
        "domain" : null,
        "name" : "col 13",
        "typeRef" : "org.knime.core.data.def.IntCell"
      }, {
        "domain" : null,
        "name" : "col 14",
        "typeRef" : "org.knime.core.data.def.IntCell"
      }, {
        "domain" : null,
        "name" : "col 15",
        "typeRef" : "org.knime.core.data.def.IntCell"
      }, {
        "domain" : null,
        "name" : "col 16",
        "typeRef" : "org.knime.core.data.def.IntCell"
      }, {
        "domain" : null,
        "name" : "col 17",
        "typeRef" : "org.knime.core.data.def.IntCell"
      }, {
        "domain" : null,
        "name" : "col 18",
        "typeRef" : "org.knime.core.data.def.IntCell"
      }, {
        "domain" : null,
        "name" : "col 19",
        "typeRef" : "org.knime.core.data.def.IntCell"
      }, {
        "domain" : null,
        "name" : "col 20",
        "typeRef" : "org.knime.core.data.def.IntCell"
      }, {
        "domain" : null,
        "name" : "col 21",
        "typeRef" : "org.knime.core.data.def.IntCell"
      }, {
        "domain" : null,
        "name" : "col 22",
        "typeRef" : "org.knime.core.data.def.IntCell"
      }, {
        "domain" : null,
        "name" : "col 23",
        "typeRef" : "org.knime.core.data.def.IntCell"
      }, {
        "domain" : null,
        "name" : "col 24",
        "typeRef" : "org.knime.core.data.def.IntCell"
      }, {
        "domain" : null,
        "name" : "col 25",
        "typeRef" : "org.knime.core.data.def.IntCell"
      }, {
        "domain" : null,
        "name" : "col 26",
        "typeRef" : "org.knime.core.data.def.IntCell"
      }, {
        "domain" : null,
        "name" : "col 27",
        "typeRef" : "org.knime.core.data.def.IntCell"
      }, {
        "domain" : null,
        "name" : "col 28",
        "typeRef" : "org.knime.core.data.def.IntCell"
      }, {
        "domain" : null,
        "name" : "col 29",
        "typeRef" : "org.knime.core.data.def.IntCell"
      }, {
        "domain" : null,
        "name" : "col 30",
        "typeRef" : "org.knime.core.data.def.IntCell"
      }, {
        "domain" : null,
        "name" : "col 31",
        "typeRef" : "org.knime.core.data.def.IntCell"
      }, {
        "domain" : null,
        "name" : "col 32",
        "typeRef" : "org.knime.core.data.def.IntCell"
      }, {
        "domain" : null,
        "name" : "col 33",
        "typeRef" : "org.knime.core.data.def.IntCell"
      }, {
        "domain" : null,
        "name" : "col 34",
        "typeRef" : "org.knime.core.data.def.IntCell"
      }, {
        "domain" : null,
        "name" : "col 35",
        "typeRef" : "org.knime.core.data.def.IntCell"
      }, {
        "domain" : null,
        "name" : "col 36",
        "typeRef" : "org.knime.core.data.def.IntCell"
      }, {
        "domain" : null,
        "name" : "col 37",
        "typeRef" : "org.knime.core.data.def.IntCell"
      }, {
        "domain" : null,
        "name" : "col 38",
        "typeRef" : "org.knime.core.data.def.IntCell"
      }, {
        "domain" : null,
        "name" : "col 39",
        "typeRef" : "org.knime.core.data.def.IntCell"
      }, {
        "domain" : null,
        "name" : "col 40",
        "typeRef" : "org.knime.core.data.def.IntCell"
      }, {
        "domain" : null,
        "name" : "col 41",
        "typeRef" : "org.knime.core.data.def.IntCell"
      }, {
        "domain" : null,
        "name" : "col 42",
        "typeRef" : "org.knime.core.data.def.IntCell"
      }, {
        "domain" : null,
        "name" : "col 43",
        "typeRef" : "org.knime.core.data.def.IntCell"
      }, {
        "domain" : null,
        "name" : "col 44",
        "typeRef" : "org.knime.core.data.def.IntCell"
      }, {
        "domain" : null,
        "name" : "col 45",
        "typeRef" : "org.knime.core.data.def.IntCell"
      }, {
        "domain" : null,
        "name" : "col 46",
        "typeRef" : "org.knime.core.data.def.IntCell"
      }, {
        "domain" : null,
        "name" : "col 47",
        "typeRef" : "org.knime.core.data.def.IntCell"
      }, {
        "domain" : null,
        "name" : "col 48",
        "typeRef" : "org.knime.core.data.def.IntCell"
      }, {
        "domain" : null,
        "name" : "col 49",
        "typeRef" : "org.knime.core.data.def.IntCell"
      }, {
        "domain" : null,
        "name" : "col 50",
        "typeRef" : "org.knime.core.data.def.IntCell"
      }, {
        "domain" : null,
        "name" : "col 51",
        "typeRef" : "org.knime.core.data.def.IntCell"
      }, {
        "domain" : null,
        "name" : "col 52",
        "typeRef" : "org.knime.core.data.def.IntCell"
      }, {
        "domain" : null,
        "name" : "col 53",
        "typeRef" : "org.knime.core.data.def.IntCell"
      }, {
        "domain" : null,
        "name" : "col 54",
        "typeRef" : "org.knime.core.data.def.IntCell"
      }, {
        "domain" : null,
        "name" : "col 55",
        "typeRef" : "org.knime.core.data.def.IntCell"
      }, {
        "domain" : null,
        "name" : "col 56",
        "typeRef" : "org.knime.core.data.def.IntCell"
      }, {
        "domain" : null,
        "name" : "col 57",
        "typeRef" : "org.knime.core.data.def.IntCell"
      }, {
        "domain" : null,
        "name" : "col 58",
        "typeRef" : "org.knime.core.data.def.IntCell"
      }, {
        "domain" : null,
        "name" : "col 59",
        "typeRef" : "org.knime.core.data.def.IntCell"
      }, {
        "domain" : null,
        "name" : "col 60",
        "typeRef" : "org.knime.core.data.def.IntCell"
      }, {
        "domain" : null,
        "name" : "col 61",
        "typeRef" : "org.knime.core.data.def.IntCell"
      }, {
        "domain" : null,
        "name" : "col 62",
        "typeRef" : "org.knime.core.data.def.IntCell"
      }, {
        "domain" : null,
        "name" : "col 63",
        "typeRef" : "org.knime.core.data.def.IntCell"
      }, {
        "domain" : null,
        "name" : "col 64",
        "typeRef" : "org.knime.core.data.def.IntCell"
      }, {
        "domain" : null,
        "name" : "col 65",
        "typeRef" : "org.knime.core.data.def.IntCell"
      }, {
        "domain" : null,
        "name" : "col 66",
        "typeRef" : "org.knime.core.data.def.IntCell"
      }, {
        "domain" : null,
        "name" : "col 67",
        "typeRef" : "org.knime.core.data.def.IntCell"
      }, {
        "domain" : null,
        "name" : "col 68",
        "typeRef" : "org.knime.core.data.def.IntCell"
      }, {
        "domain" : null,
        "name" : "col 69",
        "typeRef" : "org.knime.core.data.def.IntCell"
      }, {
        "domain" : null,
        "name" : "col 70",
        "typeRef" : "org.knime.core.data.def.IntCell"
      }, {
        "domain" : null,
        "name" : "col 71",
        "typeRef" : "org.knime.core.data.def.IntCell"
      }, {
        "domain" : null,
        "name" : "col 72",
        "typeRef" : "org.knime.core.data.def.IntCell"
      }, {
        "domain" : null,
        "name" : "col 73",
        "typeRef" : "org.knime.core.data.def.IntCell"
      }, {
        "domain" : null,
        "name" : "col 74",
        "typeRef" : "org.knime.core.data.def.IntCell"
      }, {
        "domain" : null,
        "name" : "col 75",
        "typeRef" : "org.knime.core.data.def.IntCell"
      }, {
        "domain" : null,
        "name" : "col 76",
        "typeRef" : "org.knime.core.data.def.IntCell"
      }, {
        "domain" : null,
        "name" : "col 77",
        "typeRef" : "org.knime.core.data.def.IntCell"
      }, {
        "domain" : null,
        "name" : "col 78",
        "typeRef" : "org.knime.core.data.def.IntCell"
      }, {
        "domain" : null,
        "name" : "col 79",
        "typeRef" : "org.knime.core.data.def.IntCell"
      }, {
        "domain" : null,
        "name" : "col 80",
        "typeRef" : "org.knime.core.data.def.IntCell"
      }, {
        "domain" : null,
        "name" : "col 81",
        "typeRef" : "org.knime.core.data.def.IntCell"
      }, {
        "domain" : null,
        "name" : "col 82",
        "typeRef" : "org.knime.core.data.def.IntCell"
      }, {
        "domain" : null,
        "name" : "col 83",
        "typeRef" : "org.knime.core.data.def.IntCell"
      }, {
        "domain" : null,
        "name" : "col 84",
        "typeRef" : "org.knime.core.data.def.IntCell"
      }, {
        "domain" : null,
        "name" : "col 85",
        "typeRef" : "org.knime.core.data.def.IntCell"
      }, {
        "domain" : null,
        "name" : "col 86",
        "typeRef" : "org.knime.core.data.def.IntCell"
      }, {
        "domain" : null,
        "name" : "col 87",
        "typeRef" : "org.knime.core.data.def.IntCell"
      }, {
        "domain" : null,
        "name" : "col 88",
        "typeRef" : "org.knime.core.data.def.IntCell"
      }, {
        "domain" : null,
        "name" : "col 89",
        "typeRef" : "org.knime.core.data.def.IntCell"
      }, {
        "domain" : null,
        "name" : "col 90",
        "typeRef" : "org.knime.core.data.def.IntCell"
      }, {
        "domain" : null,
        "name" : "col 91",
        "typeRef" : "org.knime.core.data.def.IntCell"
      }, {
        "domain" : null,
        "name" : "col 92",
        "typeRef" : "org.knime.core.data.def.IntCell"
      }, {
        "domain" : null,
        "name" : "col 93",
        "typeRef" : "org.knime.core.data.def.IntCell"
      }, {
        "domain" : null,
        "name" : "col 94",
        "typeRef" : "org.knime.core.data.def.IntCell"
      }, {
        "domain" : null,
        "name" : "col 95",
        "typeRef" : "org.knime.core.data.def.IntCell"
      }, {
        "domain" : null,
        "name" : "col 96",
        "typeRef" : "org.knime.core.data.def.IntCell"
      }, {
        "domain" : null,
        "name" : "col 97",
        "typeRef" : "org.knime.core.data.def.IntCell"
      }, {
        "domain" : null,
        "name" : "col 98",
        "typeRef" : "org.knime.core.data.def.IntCell"
      }, {
        "domain" : null,
        "name" : "col 99",
        "typeRef" : "org.knime.core.data.def.IntCell"
      }, {
        "domain" : null,
        "name" : "col 100",
        "typeRef" : "org.knime.core.data.def.IntCell"
      }, {
        "domain" : null,
        "name" : "col 101",
        "typeRef" : "org.knime.core.data.def.IntCell"
      }, {
        "domain" : null,
        "name" : "col 102",
        "typeRef" : "org.knime.core.data.def.IntCell"
      }, {
        "domain" : null,
        "name" : "col 103",
        "typeRef" : "org.knime.core.data.def.IntCell"
      }, {
        "domain" : null,
        "name" : "col 104",
        "typeRef" : "org.knime.core.data.def.IntCell"
      }, {
        "domain" : null,
        "name" : "col 105",
        "typeRef" : "org.knime.core.data.def.IntCell"
      }, {
        "domain" : null,
        "name" : "col 106",
        "typeRef" : "org.knime.core.data.def.IntCell"
      }, {
        "domain" : null,
        "name" : "col 107",
        "typeRef" : "org.knime.core.data.def.IntCell"
      }, {
        "domain" : null,
        "name" : "col 108",
        "typeRef" : "org.knime.core.data.def.IntCell"
      }, {
        "domain" : null,
        "name" : "col 109",
        "typeRef" : "org.knime.core.data.def.IntCell"
      }, {
        "domain" : null,
        "name" : "col 110",
        "typeRef" : "org.knime.core.data.def.IntCell"
      }, {
        "domain" : null,
        "name" : "col 111",
        "typeRef" : "org.knime.core.data.def.IntCell"
      }, {
        "domain" : null,
        "name" : "col 112",
        "typeRef" : "org.knime.core.data.def.IntCell"
      }, {
        "domain" : null,
        "name" : "col 113",
        "typeRef" : "org.knime.core.data.def.IntCell"
      }, {
        "domain" : null,
        "name" : "col 114",
        "typeRef" : "org.knime.core.data.def.IntCell"
      }, {
        "domain" : null,
        "name" : "col 115",
        "typeRef" : "org.knime.core.data.def.IntCell"
      }, {
        "domain" : null,
        "name" : "col 116",
        "typeRef" : "org.knime.core.data.def.IntCell"
      }, {
        "domain" : null,
        "name" : "col 117",
        "typeRef" : "org.knime.core.data.def.IntCell"
      }, {
        "domain" : null,
        "name" : "col 118",
        "typeRef" : "org.knime.core.data.def.IntCell"
      }, {
        "domain" : null,
        "name" : "col 119",
        "typeRef" : "org.knime.core.data.def.IntCell"
      }, {
        "domain" : null,
        "name" : "col 120",
        "typeRef" : "org.knime.core.data.def.IntCell"
      }, {
        "domain" : null,
        "name" : "col 121",
        "typeRef" : "org.knime.core.data.def.IntCell"
      }, {
        "domain" : null,
        "name" : "col 122",
        "typeRef" : "org.knime.core.data.def.IntCell"
      }, {
        "domain" : null,
        "name" : "col 123",
        "typeRef" : "org.knime.core.data.def.IntCell"
      }, {
        "domain" : null,
        "name" : "col 124",
        "typeRef" : "org.knime.core.data.def.IntCell"
      }, {
        "domain" : null,
        "name" : "col 125",
        "typeRef" : "org.knime.core.data.def.IntCell"
      }, {
        "domain" : null,
        "name" : "col 126",
        "typeRef" : "org.knime.core.data.def.IntCell"
      }, {
        "domain" : null,
        "name" : "col 127",
        "typeRef" : "org.knime.core.data.def.IntCell"
      }, {
        "domain" : null,
        "name" : "col 128",
        "typeRef" : "org.knime.core.data.def.IntCell"
      }, {
        "domain" : null,
        "name" : "col 129",
        "typeRef" : "org.knime.core.data.def.IntCell"
      }, {
        "domain" : null,
        "name" : "col 130",
        "typeRef" : "org.knime.core.data.def.IntCell"
      }, {
        "domain" : null,
        "name" : "col 131",
        "typeRef" : "org.knime.core.data.def.IntCell"
      }, {
        "domain" : null,
        "name" : "col 132",
        "typeRef" : "org.knime.core.data.def.IntCell"
      }, {
        "domain" : null,
        "name" : "col 133",
        "typeRef" : "org.knime.core.data.def.IntCell"
      }, {
        "domain" : null,
        "name" : "col 134",
        "typeRef" : "org.knime.core.data.def.IntCell"
      }, {
        "domain" : null,
        "name" : "col 135",
        "typeRef" : "org.knime.core.data.def.IntCell"
      }, {
        "domain" : null,
        "name" : "col 136",
        "typeRef" : "org.knime.core.data.def.IntCell"
      }, {
        "domain" : null,
        "name" : "col 137",
        "typeRef" : "org.knime.core.data.def.IntCell"
      }, {
        "domain" : null,
        "name" : "col 138",
        "typeRef" : "org.knime.core.data.def.IntCell"
      }, {
        "domain" : null,
        "name" : "col 139",
        "typeRef" : "org.knime.core.data.def.IntCell"
      }, {
        "domain" : null,
        "name" : "col 140",
        "typeRef" : "org.knime.core.data.def.IntCell"
      }, {
        "domain" : null,
        "name" : "col 141",
        "typeRef" : "org.knime.core.data.def.IntCell"
      }, {
        "domain" : null,
        "name" : "col 142",
        "typeRef" : "org.knime.core.data.def.IntCell"
      }, {
        "domain" : null,
        "name" : "col 143",
        "typeRef" : "org.knime.core.data.def.IntCell"
      }, {
        "domain" : null,
        "name" : "col 144",
        "typeRef" : "org.knime.core.data.def.IntCell"
      }, {
        "domain" : null,
        "name" : "col 145",
        "typeRef" : "org.knime.core.data.def.IntCell"
      }, {
        "domain" : null,
        "name" : "col 146",
        "typeRef" : "org.knime.core.data.def.IntCell"
      }, {
        "domain" : null,
        "name" : "col 147",
        "typeRef" : "org.knime.core.data.def.IntCell"
      }, {
        "domain" : null,
        "name" : "col 148",
        "typeRef" : "org.knime.core.data.def.IntCell"
      }, {
        "domain" : null,
        "name" : "col 149",
        "typeRef" : "org.knime.core.data.def.IntCell"
      }, {
        "domain" : null,
        "name" : "col 150",
        "typeRef" : "org.knime.core.data.def.IntCell"
      }, {
        "domain" : null,
        "name" : "col 151",
        "typeRef" : "org.knime.core.data.def.IntCell"
      }, {
        "domain" : null,
        "name" : "col 152",
        "typeRef" : "org.knime.core.data.def.IntCell"
      }, {
        "domain" : null,
        "name" : "col 153",
        "typeRef" : "org.knime.core.data.def.IntCell"
      }, {
        "domain" : null,
        "name" : "col 154",
        "typeRef" : "org.knime.core.data.def.IntCell"
      }, {
        "domain" : null,
        "name" : "col 155",
        "typeRef" : "org.knime.core.data.def.IntCell"
      }, {
        "domain" : null,
        "name" : "col 156",
        "typeRef" : "org.knime.core.data.def.IntCell"
      }, {
        "domain" : null,
        "name" : "col 157",
        "typeRef" : "org.knime.core.data.def.IntCell"
      }, {
        "domain" : null,
        "name" : "col 158",
        "typeRef" : "org.knime.core.data.def.IntCell"
      }, {
        "domain" : null,
        "name" : "col 159",
        "typeRef" : "org.knime.core.data.def.IntCell"
      }, {
        "domain" : null,
        "name" : "col 160",
        "typeRef" : "org.knime.core.data.def.IntCell"
      }, {
        "domain" : null,
        "name" : "col 161",
        "typeRef" : "org.knime.core.data.def.IntCell"
      }, {
        "domain" : null,
        "name" : "col 162",
        "typeRef" : "org.knime.core.data.def.IntCell"
      }, {
        "domain" : null,
        "name" : "col 163",
        "typeRef" : "org.knime.core.data.def.IntCell"
      }, {
        "domain" : null,
        "name" : "col 164",
        "typeRef" : "org.knime.core.data.def.IntCell"
      }, {
        "domain" : null,
        "name" : "col 165",
        "typeRef" : "org.knime.core.data.def.IntCell"
      }, {
        "domain" : null,
        "name" : "col 166",
        "typeRef" : "org.knime.core.data.def.IntCell"
      }, {
        "domain" : null,
        "name" : "col 167",
        "typeRef" : "org.knime.core.data.def.IntCell"
      }, {
        "domain" : null,
        "name" : "col 168",
        "typeRef" : "org.knime.core.data.def.IntCell"
      }, {
        "domain" : null,
        "name" : "col 169",
        "typeRef" : "org.knime.core.data.def.IntCell"
      }, {
        "domain" : null,
        "name" : "col 170",
        "typeRef" : "org.knime.core.data.def.IntCell"
      }, {
        "domain" : null,
        "name" : "col 171",
        "typeRef" : "org.knime.core.data.def.IntCell"
      }, {
        "domain" : null,
        "name" : "col 172",
        "typeRef" : "org.knime.core.data.def.IntCell"
      }, {
        "domain" : null,
        "name" : "col 173",
        "typeRef" : "org.knime.core.data.def.IntCell"
      }, {
        "domain" : null,
        "name" : "col 174",
        "typeRef" : "org.knime.core.data.def.IntCell"
      }, {
        "domain" : null,
        "name" : "col 175",
        "typeRef" : "org.knime.core.data.def.IntCell"
      }, {
        "domain" : null,
        "name" : "col 176",
        "typeRef" : "org.knime.core.data.def.IntCell"
      }, {
        "domain" : null,
        "name" : "col 177",
        "typeRef" : "org.knime.core.data.def.IntCell"
      }, {
        "domain" : null,
        "name" : "col 178",
        "typeRef" : "org.knime.core.data.def.IntCell"
      }, {
        "domain" : null,
        "name" : "col 179",
        "typeRef" : "org.knime.core.data.def.IntCell"
      }, {
        "domain" : null,
        "name" : "col 180",
        "typeRef" : "org.knime.core.data.def.IntCell"
      }, {
        "domain" : null,
        "name" : "col 181",
        "typeRef" : "org.knime.core.data.def.IntCell"
      }, {
        "domain" : null,
        "name" : "col 182",
        "typeRef" : "org.knime.core.data.def.IntCell"
      }, {
        "domain" : null,
        "name" : "col 183",
        "typeRef" : "org.knime.core.data.def.IntCell"
      }, {
        "domain" : null,
        "name" : "col 184",
        "typeRef" : "org.knime.core.data.def.IntCell"
      }, {
        "domain" : null,
        "name" : "col 185",
        "typeRef" : "org.knime.core.data.def.IntCell"
      }, {
        "domain" : null,
        "name" : "col 186",
        "typeRef" : "org.knime.core.data.def.IntCell"
      }, {
        "domain" : null,
        "name" : "col 187",
        "typeRef" : "org.knime.core.data.def.IntCell"
      }, {
        "domain" : null,
        "name" : "col 188",
        "typeRef" : "org.knime.core.data.def.IntCell"
      }, {
        "domain" : null,
        "name" : "col 189",
        "typeRef" : "org.knime.core.data.def.IntCell"
      }, {
        "domain" : null,
        "name" : "col 190",
        "typeRef" : "org.knime.core.data.def.IntCell"
      }, {
        "domain" : null,
        "name" : "col 191",
        "typeRef" : "org.knime.core.data.def.IntCell"
      }, {
        "domain" : null,
        "name" : "col 192",
        "typeRef" : "org.knime.core.data.def.IntCell"
      }, {
        "domain" : null,
        "name" : "col 193",
        "typeRef" : "org.knime.core.data.def.IntCell"
      }, {
        "domain" : null,
        "name" : "col 194",
        "typeRef" : "org.knime.core.data.def.IntCell"
      }, {
        "domain" : null,
        "name" : "col 195",
        "typeRef" : "org.knime.core.data.def.IntCell"
      }, {
        "domain" : null,
        "name" : "col 196",
        "typeRef" : "org.knime.core.data.def.IntCell"
      }, {
        "domain" : null,
        "name" : "col 197",
        "typeRef" : "org.knime.core.data.def.IntCell"
      }, {
        "domain" : null,
        "name" : "col 198",
        "typeRef" : "org.knime.core.data.def.IntCell"
      }, {
        "domain" : null,
        "name" : "col 199",
        "typeRef" : "org.knime.core.data.def.IntCell"
      }, {
        "domain" : null,
        "name" : "col 200",
        "typeRef" : "org.knime.core.data.def.IntCell"
      }, {
        "domain" : null,
        "name" : "col 201",
        "typeRef" : "org.knime.core.data.def.IntCell"
      }, {
        "domain" : null,
        "name" : "col 202",
        "typeRef" : "org.knime.core.data.def.IntCell"
      }, {
        "domain" : null,
        "name" : "col 203",
        "typeRef" : "org.knime.core.data.def.IntCell"
      }, {
        "domain" : null,
        "name" : "col 204",
        "typeRef" : "org.knime.core.data.def.IntCell"
      }, {
        "domain" : null,
        "name" : "col 205",
        "typeRef" : "org.knime.core.data.def.IntCell"
      }, {
        "domain" : null,
        "name" : "col 206",
        "typeRef" : "org.knime.core.data.def.IntCell"
      }, {
        "domain" : null,
        "name" : "col 207",
        "typeRef" : "org.knime.core.data.def.IntCell"
      }, {
        "domain" : null,
        "name" : "col 208",
        "typeRef" : "org.knime.core.data.def.IntCell"
      }, {
        "domain" : null,
        "name" : "col 209",
        "typeRef" : "org.knime.core.data.def.IntCell"
      }, {
        "domain" : null,
        "name" : "col 210",
        "typeRef" : "org.knime.core.data.def.IntCell"
      }, {
        "domain" : null,
        "name" : "col 211",
        "typeRef" : "org.knime.core.data.def.IntCell"
      }, {
        "domain" : null,
        "name" : "col 212",
        "typeRef" : "org.knime.core.data.def.IntCell"
      }, {
        "domain" : null,
        "name" : "col 213",
        "typeRef" : "org.knime.core.data.def.IntCell"
      }, {
        "domain" : null,
        "name" : "col 214",
        "typeRef" : "org.knime.core.data.def.IntCell"
      }, {
        "domain" : null,
        "name" : "col 215",
        "typeRef" : "org.knime.core.data.def.IntCell"
      }, {
        "domain" : null,
        "name" : "col 216",
        "typeRef" : "org.knime.core.data.def.IntCell"
      }, {
        "domain" : null,
        "name" : "col 217",
        "typeRef" : "org.knime.core.data.def.IntCell"
      }, {
        "domain" : null,
        "name" : "col 218",
        "typeRef" : "org.knime.core.data.def.IntCell"
      }, {
        "domain" : null,
        "name" : "col 219",
        "typeRef" : "org.knime.core.data.def.IntCell"
      }, {
        "domain" : null,
        "name" : "col 220",
        "typeRef" : "org.knime.core.data.def.IntCell"
      }, {
        "domain" : null,
        "name" : "col 221",
        "typeRef" : "org.knime.core.data.def.IntCell"
      }, {
        "domain" : null,
        "name" : "col 222",
        "typeRef" : "org.knime.core.data.def.IntCell"
      }, {
        "domain" : null,
        "name" : "col 223",
        "typeRef" : "org.knime.core.data.def.IntCell"
      }, {
        "domain" : null,
        "name" : "col 224",
        "typeRef" : "org.knime.core.data.def.IntCell"
      }, {
        "domain" : null,
        "name" : "col 225",
        "typeRef" : "org.knime.core.data.def.IntCell"
      }, {
        "domain" : null,
        "name" : "col 226",
        "typeRef" : "org.knime.core.data.def.IntCell"
      }, {
        "domain" : null,
        "name" : "col 227",
        "typeRef" : "org.knime.core.data.def.IntCell"
      }, {
        "domain" : null,
        "name" : "col 228",
        "typeRef" : "org.knime.core.data.def.IntCell"
      }, {
        "domain" : null,
        "name" : "col 229",
        "typeRef" : "org.knime.core.data.def.IntCell"
      }, {
        "domain" : null,
        "name" : "col 230",
        "typeRef" : "org.knime.core.data.def.IntCell"
      }, {
        "domain" : null,
        "name" : "col 231",
        "typeRef" : "org.knime.core.data.def.IntCell"
      }, {
        "domain" : null,
        "name" : "col 232",
        "typeRef" : "org.knime.core.data.def.IntCell"
      }, {
        "domain" : null,
        "name" : "col 233",
        "typeRef" : "org.knime.core.data.def.IntCell"
      }, {
        "domain" : null,
        "name" : "col 234",
        "typeRef" : "org.knime.core.data.def.IntCell"
      }, {
        "domain" : null,
        "name" : "col 235",
        "typeRef" : "org.knime.core.data.def.IntCell"
      }, {
        "domain" : null,
        "name" : "col 236",
        "typeRef" : "org.knime.core.data.def.IntCell"
      }, {
        "domain" : null,
        "name" : "col 237",
        "typeRef" : "org.knime.core.data.def.IntCell"
      }, {
        "domain" : null,
        "name" : "col 238",
        "typeRef" : "org.knime.core.data.def.IntCell"
      }, {
        "domain" : null,
        "name" : "col 239",
        "typeRef" : "org.knime.core.data.def.IntCell"
      }, {
        "domain" : null,
        "name" : "col 240",
        "typeRef" : "org.knime.core.data.def.IntCell"
      }, {
        "domain" : null,
        "name" : "col 241",
        "typeRef" : "org.knime.core.data.def.IntCell"
      }, {
        "domain" : null,
        "name" : "col 242",
        "typeRef" : "org.knime.core.data.def.IntCell"
      }, {
        "domain" : null,
        "name" : "col 243",
        "typeRef" : "org.knime.core.data.def.IntCell"
      }, {
        "domain" : null,
        "name" : "col 244",
        "typeRef" : "org.knime.core.data.def.IntCell"
      }, {
        "domain" : null,
        "name" : "col 245",
        "typeRef" : "org.knime.core.data.def.IntCell"
      }, {
        "domain" : null,
        "name" : "col 246",
        "typeRef" : "org.knime.core.data.def.IntCell"
      }, {
        "domain" : null,
        "name" : "col 247",
        "typeRef" : "org.knime.core.data.def.IntCell"
      }, {
        "domain" : null,
        "name" : "col 248",
        "typeRef" : "org.knime.core.data.def.IntCell"
      }, {
        "domain" : null,
        "name" : "col 249",
        "typeRef" : "org.knime.core.data.def.IntCell"
      }, {
        "domain" : null,
        "name" : "col 250",
        "typeRef" : "org.knime.core.data.def.IntCell"
      }, {
        "domain" : null,
        "name" : "col 251",
        "typeRef" : "org.knime.core.data.def.IntCell"
      }, {
        "domain" : null,
        "name" : "col 252",
        "typeRef" : "org.knime.core.data.def.IntCell"
      }, {
        "domain" : null,
        "name" : "col 253",
        "typeRef" : "org.knime.core.data.def.IntCell"
      }, {
        "domain" : null,
        "name" : "col 254",
        "typeRef" : "org.knime.core.data.def.IntCell"
      }, {
        "domain" : null,
        "name" : "col 255",
        "typeRef" : "org.knime.core.data.def.IntCell"
      }, {
        "domain" : null,
        "name" : "col 256",
        "typeRef" : "org.knime.core.data.def.IntCell"
      }, {
        "domain" : null,
        "name" : "col 257",
        "typeRef" : "org.knime.core.data.def.IntCell"
      }, {
        "domain" : null,
        "name" : "col 258",
        "typeRef" : "org.knime.core.data.def.IntCell"
      }, {
        "domain" : null,
        "name" : "col 259",
        "typeRef" : "org.knime.core.data.def.IntCell"
      }, {
        "domain" : null,
        "name" : "col 260",
        "typeRef" : "org.knime.core.data.def.IntCell"
      }, {
        "domain" : null,
        "name" : "col 261",
        "typeRef" : "org.knime.core.data.def.IntCell"
      }, {
        "domain" : null,
        "name" : "col 262",
        "typeRef" : "org.knime.core.data.def.IntCell"
      }, {
        "domain" : null,
        "name" : "col 263",
        "typeRef" : "org.knime.core.data.def.IntCell"
      }, {
        "domain" : null,
        "name" : "col 264",
        "typeRef" : "org.knime.core.data.def.IntCell"
      }, {
        "domain" : null,
        "name" : "col 265",
        "typeRef" : "org.knime.core.data.def.IntCell"
      }, {
        "domain" : null,
        "name" : "col 266",
        "typeRef" : "org.knime.core.data.def.IntCell"
      }, {
        "domain" : null,
        "name" : "col 267",
        "typeRef" : "org.knime.core.data.def.IntCell"
      }, {
        "domain" : null,
        "name" : "col 268",
        "typeRef" : "org.knime.core.data.def.IntCell"
      }, {
        "domain" : null,
        "name" : "col 269",
        "typeRef" : "org.knime.core.data.def.IntCell"
      }, {
        "domain" : null,
        "name" : "col 270",
        "typeRef" : "org.knime.core.data.def.IntCell"
      }, {
        "domain" : null,
        "name" : "col 271",
        "typeRef" : "org.knime.core.data.def.IntCell"
      }, {
        "domain" : null,
        "name" : "col 272",
        "typeRef" : "org.knime.core.data.def.IntCell"
      }, {
        "domain" : null,
        "name" : "col 273",
        "typeRef" : "org.knime.core.data.def.IntCell"
      }, {
        "domain" : null,
        "name" : "col 274",
        "typeRef" : "org.knime.core.data.def.IntCell"
      }, {
        "domain" : null,
        "name" : "col 275",
        "typeRef" : "org.knime.core.data.def.IntCell"
      }, {
        "domain" : null,
        "name" : "col 276",
        "typeRef" : "org.knime.core.data.def.IntCell"
      }, {
        "domain" : null,
        "name" : "col 277",
        "typeRef" : "org.knime.core.data.def.IntCell"
      }, {
        "domain" : null,
        "name" : "col 278",
        "typeRef" : "org.knime.core.data.def.IntCell"
      }, {
        "domain" : null,
        "name" : "col 279",
        "typeRef" : "org.knime.core.data.def.IntCell"
      }, {
        "domain" : null,
        "name" : "col 280",
        "typeRef" : "org.knime.core.data.def.IntCell"
      }, {
        "domain" : null,
        "name" : "col 281",
        "typeRef" : "org.knime.core.data.def.IntCell"
      }, {
        "domain" : null,
        "name" : "col 282",
        "typeRef" : "org.knime.core.data.def.IntCell"
      }, {
        "domain" : null,
        "name" : "col 283",
        "typeRef" : "org.knime.core.data.def.IntCell"
      }, {
        "domain" : null,
        "name" : "col 284",
        "typeRef" : "org.knime.core.data.def.IntCell"
      }, {
        "domain" : null,
        "name" : "col 285",
        "typeRef" : "org.knime.core.data.def.IntCell"
      }, {
        "domain" : null,
        "name" : "col 286",
        "typeRef" : "org.knime.core.data.def.IntCell"
      }, {
        "domain" : null,
        "name" : "col 287",
        "typeRef" : "org.knime.core.data.def.IntCell"
      }, {
        "domain" : null,
        "name" : "col 288",
        "typeRef" : "org.knime.core.data.def.IntCell"
      }, {
        "domain" : null,
        "name" : "col 289",
        "typeRef" : "org.knime.core.data.def.IntCell"
      }, {
        "domain" : null,
        "name" : "col 290",
        "typeRef" : "org.knime.core.data.def.IntCell"
      }, {
        "domain" : null,
        "name" : "col 291",
        "typeRef" : "org.knime.core.data.def.IntCell"
      }, {
        "domain" : null,
        "name" : "col 292",
        "typeRef" : "org.knime.core.data.def.IntCell"
      }, {
        "domain" : null,
        "name" : "col 293",
        "typeRef" : "org.knime.core.data.def.IntCell"
      }, {
        "domain" : null,
        "name" : "col 294",
        "typeRef" : "org.knime.core.data.def.IntCell"
      }, {
        "domain" : null,
        "name" : "col 295",
        "typeRef" : "org.knime.core.data.def.IntCell"
      }, {
        "domain" : null,
        "name" : "col 296",
        "typeRef" : "org.knime.core.data.def.IntCell"
      }, {
        "domain" : null,
        "name" : "col 297",
        "typeRef" : "org.knime.core.data.def.IntCell"
      }, {
        "domain" : null,
        "name" : "col 298",
        "typeRef" : "org.knime.core.data.def.IntCell"
      }, {
        "domain" : null,
        "name" : "col 299",
        "typeRef" : "org.knime.core.data.def.IntCell"
      }, {
        "domain" : null,
        "name" : "col 300",
        "typeRef" : "org.knime.core.data.def.IntCell"
      }, {
        "domain" : null,
        "name" : "col 301",
        "typeRef" : "org.knime.core.data.def.IntCell"
      }, {
        "domain" : null,
        "name" : "col 302",
        "typeRef" : "org.knime.core.data.def.IntCell"
      }, {
        "domain" : null,
        "name" : "col 303",
        "typeRef" : "org.knime.core.data.def.IntCell"
      }, {
        "domain" : null,
        "name" : "col 304",
        "typeRef" : "org.knime.core.data.def.IntCell"
      }, {
        "domain" : null,
        "name" : "col 305",
        "typeRef" : "org.knime.core.data.def.IntCell"
      }, {
        "domain" : null,
        "name" : "col 306",
        "typeRef" : "org.knime.core.data.def.IntCell"
      }, {
        "domain" : null,
        "name" : "col 307",
        "typeRef" : "org.knime.core.data.def.IntCell"
      }, {
        "domain" : null,
        "name" : "col 308",
        "typeRef" : "org.knime.core.data.def.IntCell"
      }, {
        "domain" : null,
        "name" : "col 309",
        "typeRef" : "org.knime.core.data.def.IntCell"
      }, {
        "domain" : null,
        "name" : "col 310",
        "typeRef" : "org.knime.core.data.def.IntCell"
      }, {
        "domain" : null,
        "name" : "col 311",
        "typeRef" : "org.knime.core.data.def.IntCell"
      }, {
        "domain" : null,
        "name" : "col 312",
        "typeRef" : "org.knime.core.data.def.IntCell"
      }, {
        "domain" : null,
        "name" : "col 313",
        "typeRef" : "org.knime.core.data.def.IntCell"
      }, {
        "domain" : null,
        "name" : "col 314",
        "typeRef" : "org.knime.core.data.def.IntCell"
      }, {
        "domain" : null,
        "name" : "col 315",
        "typeRef" : "org.knime.core.data.def.IntCell"
      }, {
        "domain" : null,
        "name" : "col 316",
        "typeRef" : "org.knime.core.data.def.IntCell"
      }, {
        "domain" : null,
        "name" : "col 317",
        "typeRef" : "org.knime.core.data.def.IntCell"
      }, {
        "domain" : null,
        "name" : "col 318",
        "typeRef" : "org.knime.core.data.def.IntCell"
      }, {
        "domain" : null,
        "name" : "col 319",
        "typeRef" : "org.knime.core.data.def.IntCell"
      }, {
        "domain" : null,
        "name" : "col 320",
        "typeRef" : "org.knime.core.data.def.IntCell"
      }, {
        "domain" : null,
        "name" : "col 321",
        "typeRef" : "org.knime.core.data.def.IntCell"
      }, {
        "domain" : null,
        "name" : "col 322",
        "typeRef" : "org.knime.core.data.def.IntCell"
      }, {
        "domain" : null,
        "name" : "col 323",
        "typeRef" : "org.knime.core.data.def.IntCell"
      }, {
        "domain" : null,
        "name" : "col 324",
        "typeRef" : "org.knime.core.data.def.IntCell"
      }, {
        "domain" : null,
        "name" : "col 325",
        "typeRef" : "org.knime.core.data.def.IntCell"
      }, {
        "domain" : null,
        "name" : "col 326",
        "typeRef" : "org.knime.core.data.def.IntCell"
      }, {
        "domain" : null,
        "name" : "col 327",
        "typeRef" : "org.knime.core.data.def.IntCell"
      }, {
        "domain" : null,
        "name" : "col 328",
        "typeRef" : "org.knime.core.data.def.IntCell"
      }, {
        "domain" : null,
        "name" : "col 329",
        "typeRef" : "org.knime.core.data.def.IntCell"
      }, {
        "domain" : null,
        "name" : "col 330",
        "typeRef" : "org.knime.core.data.def.IntCell"
      }, {
        "domain" : null,
        "name" : "col 331",
        "typeRef" : "org.knime.core.data.def.IntCell"
      }, {
        "domain" : null,
        "name" : "col 332",
        "typeRef" : "org.knime.core.data.def.IntCell"
      }, {
        "domain" : null,
        "name" : "col 333",
        "typeRef" : "org.knime.core.data.def.IntCell"
      }, {
        "domain" : null,
        "name" : "col 334",
        "typeRef" : "org.knime.core.data.def.IntCell"
      }, {
        "domain" : null,
        "name" : "col 335",
        "typeRef" : "org.knime.core.data.def.IntCell"
      }, {
        "domain" : null,
        "name" : "col 336",
        "typeRef" : "org.knime.core.data.def.IntCell"
      }, {
        "domain" : null,
        "name" : "col 337",
        "typeRef" : "org.knime.core.data.def.IntCell"
      }, {
        "domain" : null,
        "name" : "col 338",
        "typeRef" : "org.knime.core.data.def.IntCell"
      }, {
        "domain" : null,
        "name" : "col 339",
        "typeRef" : "org.knime.core.data.def.IntCell"
      }, {
        "domain" : null,
        "name" : "col 340",
        "typeRef" : "org.knime.core.data.def.IntCell"
      }, {
        "domain" : null,
        "name" : "col 341",
        "typeRef" : "org.knime.core.data.def.IntCell"
      }, {
        "domain" : null,
        "name" : "col 342",
        "typeRef" : "org.knime.core.data.def.IntCell"
      }, {
        "domain" : null,
        "name" : "col 343",
        "typeRef" : "org.knime.core.data.def.IntCell"
      }, {
        "domain" : null,
        "name" : "col 344",
        "typeRef" : "org.knime.core.data.def.IntCell"
      }, {
        "domain" : null,
        "name" : "col 345",
        "typeRef" : "org.knime.core.data.def.IntCell"
      }, {
        "domain" : null,
        "name" : "col 346",
        "typeRef" : "org.knime.core.data.def.IntCell"
      }, {
        "domain" : null,
        "name" : "col 347",
        "typeRef" : "org.knime.core.data.def.IntCell"
      }, {
        "domain" : null,
        "name" : "col 348",
        "typeRef" : "org.knime.core.data.def.IntCell"
      }, {
        "domain" : null,
        "name" : "col 349",
        "typeRef" : "org.knime.core.data.def.IntCell"
      }, {
        "domain" : null,
        "name" : "col 350",
        "typeRef" : "org.knime.core.data.def.IntCell"
      }, {
        "domain" : null,
        "name" : "col 351",
        "typeRef" : "org.knime.core.data.def.IntCell"
      }, {
        "domain" : null,
        "name" : "col 352",
        "typeRef" : "org.knime.core.data.def.IntCell"
      }, {
        "domain" : null,
        "name" : "col 353",
        "typeRef" : "org.knime.core.data.def.IntCell"
      }, {
        "domain" : null,
        "name" : "col 354",
        "typeRef" : "org.knime.core.data.def.IntCell"
      }, {
        "domain" : null,
        "name" : "col 355",
        "typeRef" : "org.knime.core.data.def.IntCell"
      }, {
        "domain" : null,
        "name" : "col 356",
        "typeRef" : "org.knime.core.data.def.IntCell"
      }, {
        "domain" : null,
        "name" : "col 357",
        "typeRef" : "org.knime.core.data.def.IntCell"
      }, {
        "domain" : null,
        "name" : "col 358",
        "typeRef" : "org.knime.core.data.def.IntCell"
      }, {
        "domain" : null,
        "name" : "col 359",
        "typeRef" : "org.knime.core.data.def.IntCell"
      }, {
        "domain" : null,
        "name" : "col 360",
        "typeRef" : "org.knime.core.data.def.IntCell"
      }, {
        "domain" : null,
        "name" : "col 361",
        "typeRef" : "org.knime.core.data.def.IntCell"
      }, {
        "domain" : null,
        "name" : "col 362",
        "typeRef" : "org.knime.core.data.def.IntCell"
      }, {
        "domain" : null,
        "name" : "col 363",
        "typeRef" : "org.knime.core.data.def.IntCell"
      }, {
        "domain" : null,
        "name" : "col 364",
        "typeRef" : "org.knime.core.data.def.IntCell"
      }, {
        "domain" : null,
        "name" : "col 365",
        "typeRef" : "org.knime.core.data.def.IntCell"
      }, {
        "domain" : null,
        "name" : "col 366",
        "typeRef" : "org.knime.core.data.def.IntCell"
      }, {
        "domain" : null,
        "name" : "col 367",
        "typeRef" : "org.knime.core.data.def.IntCell"
      }, {
        "domain" : null,
        "name" : "col 368",
        "typeRef" : "org.knime.core.data.def.IntCell"
      }, {
        "domain" : null,
        "name" : "col 369",
        "typeRef" : "org.knime.core.data.def.IntCell"
      }, {
        "domain" : null,
        "name" : "col 370",
        "typeRef" : "org.knime.core.data.def.IntCell"
      }, {
        "domain" : null,
        "name" : "col 371",
        "typeRef" : "org.knime.core.data.def.IntCell"
      }, {
        "domain" : null,
        "name" : "col 372",
        "typeRef" : "org.knime.core.data.def.IntCell"
      }, {
        "domain" : null,
        "name" : "col 373",
        "typeRef" : "org.knime.core.data.def.IntCell"
      }, {
        "domain" : null,
        "name" : "col 374",
        "typeRef" : "org.knime.core.data.def.IntCell"
      }, {
        "domain" : null,
        "name" : "col 375",
        "typeRef" : "org.knime.core.data.def.IntCell"
      }, {
        "domain" : null,
        "name" : "col 376",
        "typeRef" : "org.knime.core.data.def.IntCell"
      }, {
        "domain" : null,
        "name" : "col 377",
        "typeRef" : "org.knime.core.data.def.IntCell"
      }, {
        "domain" : null,
        "name" : "col 378",
        "typeRef" : "org.knime.core.data.def.IntCell"
      }, {
        "domain" : null,
        "name" : "col 379",
        "typeRef" : "org.knime.core.data.def.IntCell"
      }, {
        "domain" : null,
        "name" : "col 380",
        "typeRef" : "org.knime.core.data.def.IntCell"
      }, {
        "domain" : null,
        "name" : "col 381",
        "typeRef" : "org.knime.core.data.def.IntCell"
      }, {
        "domain" : null,
        "name" : "col 382",
        "typeRef" : "org.knime.core.data.def.IntCell"
      }, {
        "domain" : null,
        "name" : "col 383",
        "typeRef" : "org.knime.core.data.def.IntCell"
      }, {
        "domain" : null,
        "name" : "col 384",
        "typeRef" : "org.knime.core.data.def.IntCell"
      }, {
        "domain" : null,
        "name" : "col 385",
        "typeRef" : "org.knime.core.data.def.IntCell"
      }, {
        "domain" : null,
        "name" : "col 386",
        "typeRef" : "org.knime.core.data.def.IntCell"
      }, {
        "domain" : null,
        "name" : "col 387",
        "typeRef" : "org.knime.core.data.def.IntCell"
      }, {
        "domain" : null,
        "name" : "col 388",
        "typeRef" : "org.knime.core.data.def.IntCell"
      }, {
        "domain" : null,
        "name" : "col 389",
        "typeRef" : "org.knime.core.data.def.IntCell"
      }, {
        "domain" : null,
        "name" : "col 390",
        "typeRef" : "org.knime.core.data.def.IntCell"
      }, {
        "domain" : null,
        "name" : "col 391",
        "typeRef" : "org.knime.core.data.def.IntCell"
      }, {
        "domain" : null,
        "name" : "col 392",
        "typeRef" : "org.knime.core.data.def.IntCell"
      }, {
        "domain" : null,
        "name" : "col 393",
        "typeRef" : "org.knime.core.data.def.IntCell"
      }, {
        "domain" : null,
        "name" : "col 394",
        "typeRef" : "org.knime.core.data.def.IntCell"
      }, {
        "domain" : null,
        "name" : "col 395",
        "typeRef" : "org.knime.core.data.def.IntCell"
      }, {
        "domain" : null,
        "name" : "col 396",
        "typeRef" : "org.knime.core.data.def.IntCell"
      }, {
        "domain" : null,
        "name" : "col 397",
        "typeRef" : "org.knime.core.data.def.IntCell"
      }, {
        "domain" : null,
        "name" : "col 398",
        "typeRef" : "org.knime.core.data.def.IntCell"
      }, {
        "domain" : null,
        "name" : "col 399",
        "typeRef" : "org.knime.core.data.def.IntCell"
      }, {
        "domain" : null,
        "name" : "col 400",
        "typeRef" : "org.knime.core.data.def.IntCell"
      }, {
        "domain" : null,
        "name" : "col 401",
        "typeRef" : "org.knime.core.data.def.IntCell"
      }, {
        "domain" : null,
        "name" : "col 402",
        "typeRef" : "org.knime.core.data.def.IntCell"
      }, {
        "domain" : null,
        "name" : "col 403",
        "typeRef" : "org.knime.core.data.def.IntCell"
      }, {
        "domain" : null,
        "name" : "col 404",
        "typeRef" : "org.knime.core.data.def.IntCell"
      }, {
        "domain" : null,
        "name" : "col 405",
        "typeRef" : "org.knime.core.data.def.IntCell"
      }, {
        "domain" : null,
        "name" : "col 406",
        "typeRef" : "org.knime.core.data.def.IntCell"
      }, {
        "domain" : null,
        "name" : "col 407",
        "typeRef" : "org.knime.core.data.def.IntCell"
      }, {
        "domain" : null,
        "name" : "col 408",
        "typeRef" : "org.knime.core.data.def.IntCell"
      }, {
        "domain" : null,
        "name" : "col 409",
        "typeRef" : "org.knime.core.data.def.IntCell"
      }, {
        "domain" : null,
        "name" : "col 410",
        "typeRef" : "org.knime.core.data.def.IntCell"
      }, {
        "domain" : null,
        "name" : "col 411",
        "typeRef" : "org.knime.core.data.def.IntCell"
      }, {
        "domain" : null,
        "name" : "col 412",
        "typeRef" : "org.knime.core.data.def.IntCell"
      }, {
        "domain" : null,
        "name" : "col 413",
        "typeRef" : "org.knime.core.data.def.IntCell"
      }, {
        "domain" : null,
        "name" : "col 414",
        "typeRef" : "org.knime.core.data.def.IntCell"
      }, {
        "domain" : null,
        "name" : "col 415",
        "typeRef" : "org.knime.core.data.def.IntCell"
      }, {
        "domain" : null,
        "name" : "col 416",
        "typeRef" : "org.knime.core.data.def.IntCell"
      }, {
        "domain" : null,
        "name" : "col 417",
        "typeRef" : "org.knime.core.data.def.IntCell"
      }, {
        "domain" : null,
        "name" : "col 418",
        "typeRef" : "org.knime.core.data.def.IntCell"
      }, {
        "domain" : null,
        "name" : "col 419",
        "typeRef" : "org.knime.core.data.def.IntCell"
      }, {
        "domain" : null,
        "name" : "col 420",
        "typeRef" : "org.knime.core.data.def.IntCell"
      }, {
        "domain" : null,
        "name" : "col 421",
        "typeRef" : "org.knime.core.data.def.IntCell"
      }, {
        "domain" : null,
        "name" : "col 422",
        "typeRef" : "org.knime.core.data.def.IntCell"
      }, {
        "domain" : null,
        "name" : "col 423",
        "typeRef" : "org.knime.core.data.def.IntCell"
      }, {
        "domain" : null,
        "name" : "col 424",
        "typeRef" : "org.knime.core.data.def.IntCell"
      }, {
        "domain" : null,
        "name" : "col 425",
        "typeRef" : "org.knime.core.data.def.IntCell"
      }, {
        "domain" : null,
        "name" : "col 426",
        "typeRef" : "org.knime.core.data.def.IntCell"
      }, {
        "domain" : null,
        "name" : "col 427",
        "typeRef" : "org.knime.core.data.def.IntCell"
      }, {
        "domain" : null,
        "name" : "col 428",
        "typeRef" : "org.knime.core.data.def.IntCell"
      }, {
        "domain" : null,
        "name" : "col 429",
        "typeRef" : "org.knime.core.data.def.IntCell"
      }, {
        "domain" : null,
        "name" : "col 430",
        "typeRef" : "org.knime.core.data.def.IntCell"
      }, {
        "domain" : null,
        "name" : "col 431",
        "typeRef" : "org.knime.core.data.def.IntCell"
      }, {
        "domain" : null,
        "name" : "col 432",
        "typeRef" : "org.knime.core.data.def.IntCell"
      }, {
        "domain" : null,
        "name" : "col 433",
        "typeRef" : "org.knime.core.data.def.IntCell"
      }, {
        "domain" : null,
        "name" : "col 434",
        "typeRef" : "org.knime.core.data.def.IntCell"
      }, {
        "domain" : null,
        "name" : "col 435",
        "typeRef" : "org.knime.core.data.def.IntCell"
      }, {
        "domain" : null,
        "name" : "col 436",
        "typeRef" : "org.knime.core.data.def.IntCell"
      }, {
        "domain" : null,
        "name" : "col 437",
        "typeRef" : "org.knime.core.data.def.IntCell"
      }, {
        "domain" : null,
        "name" : "col 438",
        "typeRef" : "org.knime.core.data.def.IntCell"
      }, {
        "domain" : null,
        "name" : "col 439",
        "typeRef" : "org.knime.core.data.def.IntCell"
      }, {
        "domain" : null,
        "name" : "col 440",
        "typeRef" : "org.knime.core.data.def.IntCell"
      }, {
        "domain" : null,
        "name" : "col 441",
        "typeRef" : "org.knime.core.data.def.IntCell"
      }, {
        "domain" : null,
        "name" : "col 442",
        "typeRef" : "org.knime.core.data.def.IntCell"
      }, {
        "domain" : null,
        "name" : "col 443",
        "typeRef" : "org.knime.core.data.def.IntCell"
      }, {
        "domain" : null,
        "name" : "col 444",
        "typeRef" : "org.knime.core.data.def.IntCell"
      }, {
        "domain" : null,
        "name" : "col 445",
        "typeRef" : "org.knime.core.data.def.IntCell"
      }, {
        "domain" : null,
        "name" : "col 446",
        "typeRef" : "org.knime.core.data.def.IntCell"
      }, {
        "domain" : null,
        "name" : "col 447",
        "typeRef" : "org.knime.core.data.def.IntCell"
      }, {
        "domain" : null,
        "name" : "col 448",
        "typeRef" : "org.knime.core.data.def.IntCell"
      }, {
        "domain" : null,
        "name" : "col 449",
        "typeRef" : "org.knime.core.data.def.IntCell"
      }, {
        "domain" : null,
        "name" : "col 450",
        "typeRef" : "org.knime.core.data.def.IntCell"
      }, {
        "domain" : null,
        "name" : "col 451",
        "typeRef" : "org.knime.core.data.def.IntCell"
      }, {
        "domain" : null,
        "name" : "col 452",
        "typeRef" : "org.knime.core.data.def.IntCell"
      }, {
        "domain" : null,
        "name" : "col 453",
        "typeRef" : "org.knime.core.data.def.IntCell"
      }, {
        "domain" : null,
        "name" : "col 454",
        "typeRef" : "org.knime.core.data.def.IntCell"
      }, {
        "domain" : null,
        "name" : "col 455",
        "typeRef" : "org.knime.core.data.def.IntCell"
      }, {
        "domain" : null,
        "name" : "col 456",
        "typeRef" : "org.knime.core.data.def.IntCell"
      }, {
        "domain" : null,
        "name" : "col 457",
        "typeRef" : "org.knime.core.data.def.IntCell"
      }, {
        "domain" : null,
        "name" : "col 458",
        "typeRef" : "org.knime.core.data.def.IntCell"
      }, {
        "domain" : null,
        "name" : "col 459",
        "typeRef" : "org.knime.core.data.def.IntCell"
      }, {
        "domain" : null,
        "name" : "col 460",
        "typeRef" : "org.knime.core.data.def.IntCell"
      }, {
        "domain" : null,
        "name" : "col 461",
        "typeRef" : "org.knime.core.data.def.IntCell"
      }, {
        "domain" : null,
        "name" : "col 462",
        "typeRef" : "org.knime.core.data.def.IntCell"
      }, {
        "domain" : null,
        "name" : "col 463",
        "typeRef" : "org.knime.core.data.def.IntCell"
      }, {
        "domain" : null,
        "name" : "col 464",
        "typeRef" : "org.knime.core.data.def.IntCell"
      }, {
        "domain" : null,
        "name" : "col 465",
        "typeRef" : "org.knime.core.data.def.IntCell"
      }, {
        "domain" : null,
        "name" : "col 466",
        "typeRef" : "org.knime.core.data.def.IntCell"
      }, {
        "domain" : null,
        "name" : "col 467",
        "typeRef" : "org.knime.core.data.def.IntCell"
      }, {
        "domain" : null,
        "name" : "col 468",
        "typeRef" : "org.knime.core.data.def.IntCell"
      }, {
        "domain" : null,
        "name" : "col 469",
        "typeRef" : "org.knime.core.data.def.IntCell"
      }, {
        "domain" : null,
        "name" : "col 470",
        "typeRef" : "org.knime.core.data.def.IntCell"
      }, {
        "domain" : null,
        "name" : "col 471",
        "typeRef" : "org.knime.core.data.def.IntCell"
      }, {
        "domain" : null,
        "name" : "col 472",
        "typeRef" : "org.knime.core.data.def.IntCell"
      }, {
        "domain" : null,
        "name" : "col 473",
        "typeRef" : "org.knime.core.data.def.IntCell"
      }, {
        "domain" : null,
        "name" : "col 474",
        "typeRef" : "org.knime.core.data.def.IntCell"
      }, {
        "domain" : null,
        "name" : "col 475",
        "typeRef" : "org.knime.core.data.def.IntCell"
      }, {
        "domain" : null,
        "name" : "col 476",
        "typeRef" : "org.knime.core.data.def.IntCell"
      }, {
        "domain" : null,
        "name" : "col 477",
        "typeRef" : "org.knime.core.data.def.IntCell"
      }, {
        "domain" : null,
        "name" : "col 478",
        "typeRef" : "org.knime.core.data.def.IntCell"
      }, {
        "domain" : null,
        "name" : "col 479",
        "typeRef" : "org.knime.core.data.def.IntCell"
      }, {
        "domain" : null,
        "name" : "col 480",
        "typeRef" : "org.knime.core.data.def.IntCell"
      }, {
        "domain" : null,
        "name" : "col 481",
        "typeRef" : "org.knime.core.data.def.IntCell"
      }, {
        "domain" : null,
        "name" : "col 482",
        "typeRef" : "org.knime.core.data.def.IntCell"
      }, {
        "domain" : null,
        "name" : "col 483",
        "typeRef" : "org.knime.core.data.def.IntCell"
      }, {
        "domain" : null,
        "name" : "col 484",
        "typeRef" : "org.knime.core.data.def.IntCell"
      }, {
        "domain" : null,
        "name" : "col 485",
        "typeRef" : "org.knime.core.data.def.IntCell"
      }, {
        "domain" : null,
        "name" : "col 486",
        "typeRef" : "org.knime.core.data.def.IntCell"
      }, {
        "domain" : null,
        "name" : "col 487",
        "typeRef" : "org.knime.core.data.def.IntCell"
      }, {
        "domain" : null,
        "name" : "col 488",
        "typeRef" : "org.knime.core.data.def.IntCell"
      }, {
        "domain" : null,
        "name" : "col 489",
        "typeRef" : "org.knime.core.data.def.IntCell"
      }, {
        "domain" : null,
        "name" : "col 490",
        "typeRef" : "org.knime.core.data.def.IntCell"
      }, {
        "domain" : null,
        "name" : "col 491",
        "typeRef" : "org.knime.core.data.def.IntCell"
      }, {
        "domain" : null,
        "name" : "col 492",
        "typeRef" : "org.knime.core.data.def.IntCell"
      }, {
        "domain" : null,
        "name" : "col 493",
        "typeRef" : "org.knime.core.data.def.IntCell"
      }, {
        "domain" : null,
        "name" : "col 494",
        "typeRef" : "org.knime.core.data.def.IntCell"
      }, {
        "domain" : null,
        "name" : "col 495",
        "typeRef" : "org.knime.core.data.def.IntCell"
      }, {
        "domain" : null,
        "name" : "col 496",
        "typeRef" : "org.knime.core.data.def.IntCell"
      }, {
        "domain" : null,
        "name" : "col 497",
        "typeRef" : "org.knime.core.data.def.IntCell"
      }, {
        "domain" : null,
        "name" : "col 498",
        "typeRef" : "org.knime.core.data.def.IntCell"
      }, {
        "domain" : null,
        "name" : "col 499",
        "typeRef" : "org.knime.core.data.def.IntCell"
      } ],
      "totalNumColumns" : 502
    },
    "totalNumRows" : 0
  }
}