{
  "ops" : [ {
  "op" : "add",
  "path" : "/connections/root:26_1",
  "value" : {
    "allowedActions" : {
      "canDelete" : true
    },
    "destNode" : "root:26",
    "destPort" : 1,
    "id" : "root:26_1",
    "sourceNode" : "root:25",
    "sourcePort" : 3
  }
}, {
  "op" : "add",
  "path" : "/nodes/root:25/outPorts/3/connectedVia/0",
  "value" : "root:26_1"
}, {
  "op" : "add",
  "path" : "/nodes/root:26/inPorts/1/connectedVia/0",
  "value" : "root:26_1"
}, {
  "op" : "replace",
  "path" : "/nodes/root:26/state/executionState",
  "value" : "CONFIGURED"
} ]
}