{
  "ops" : [ {
    "op" : "add",
    "path" : "/nodes/root:26/inPorts/1/connectedVia/0",
    "value" : "root:26_1"
  }, {
    "op" : "replace",
    "path" : "/nodes/root:26/state/executionState",
    "value" : "CONFIGURED"
  }, {
    "op" : "add",
    "path" : "/nodes/root:25/outPorts/3/connectedVia/0",
    "value" : "root:26_1"
  }, {
    "op" : "add",
    "path" : "/connections/root:26_1",
    "value" : {
      "destNode" : "root:26",
      "destPort" : 1,
      "sourceNode" : "root:25",
      "sourcePort" : 3
    }
  } ]
}