{
  "ops" : [ {
    "op" : "replace",
    "path" : "/nodes/root:14/allowedActions/canExecute",
    "value" : true
  }, {
    "op" : "add",
    "path" : "/nodes/root:13/outPorts/1/connectedVia/1",
    "value" : "root:14_1"
  }, {
    "op" : "add",
    "path" : "/nodes/root:14/inPorts/1/connectedVia/0",
    "value" : "root:14_1"
  }, {
    "op" : "add",
    "path" : "/connections/root:14_1",
    "value" : {
      "destNode" : "root:14",
      "destPort" : 1,
      "flowVariableConnection" : true,
      "sourceNode" : "root:13",
      "sourcePort" : 1
    }
  } ]
}