{
  "ops" : [ {
  "op" : "add",
  "path" : "/nodes/root:186",
  "value" : {
    "allowedActions" : {
      "canCancel" : false,
      "canCollapse" : "true",
      "canDelete" : true,
      "canExecute" : false,
      "canOpenDialog" : true,
      "canReset" : false
    },
    "id" : "root:186",
    "inPorts" : [ {
      "connectedVia" : "[  ]",
      "index" : 0,
      "name" : "Variable Inport",
      "optional" : true,
      "typeId" : "org.knime.core.node.port.flowvariable.FlowVariablePortObject"
    }, {
      "connectedVia" : "[  ]",
      "index" : 1,
      "name" : "First table to concatenate",
      "optional" : false,
      "typeId" : "org.knime.core.node.BufferedDataTable",
      "view" : {
        "type" : "table"
      }
    }, {
      "connectedVia" : "[  ]",
      "index" : 2,
      "name" : "Second table to concatenate",
      "optional" : false,
      "typeId" : "org.knime.core.node.BufferedDataTable",
      "view" : {
        "type" : "table"
      }
    } ],
    "kind" : "node",
    "outPorts" : [ {
      "connectedVia" : "[  ]",
      "index" : 0,
      "name" : "Variable Outport",
      "portObjectVersion" : "PLACEHOLDER_FOR_VERSION",
      "typeId" : "org.knime.core.node.port.flowvariable.FlowVariablePortObject"
    }, {
      "connectedVia" : "[  ]",
      "index" : 1,
      "name" : "Concatenated table",
      "typeId" : "org.knime.core.node.BufferedDataTable",
      "view" : {
        "type" : "table"
      }
    } ],
    "position" : {
      "x" : 40,
      "y" : 56
    },
    "state" : {
      "executionState" : "IDLE"
    },
    "templateId" : "org.knime.base.node.preproc.append.row.AppendedRowsNodeFactory"
  }
} ]
}