{
  "ops" : [ {
  "op" : "add",
  "path" : "/nodes/root:1/outPorts/0/info",
  "value" : "Variables connection"
}, {
  "op" : "add",
  "path" : "/nodes/root:1/outPorts/0/portObjectVersion",
  "value" : "PLACEHOLDER_FOR_VERSION"
}, {
  "op" : "add",
  "path" : "/nodes/root:1/outPorts/1/info",
  "value" : "Rows: 8, Cols: 5"
}, {
  "op" : "add",
  "path" : "/nodes/root:1/outPorts/1/portObjectVersion",
  "value" : "PLACEHOLDER_FOR_VERSION"
}, {
  "op" : "add",
  "path" : "/nodes/root:1/outPorts/2/info",
  "value" : "Rows: 4, Cols: 4"
}, {
  "op" : "add",
  "path" : "/nodes/root:1/outPorts/2/portObjectVersion",
  "value" : "PLACEHOLDER_FOR_VERSION"
}, {
  "op" : "remove",
  "path" : "/nodes/root:12/state/warning"
}, {
  "op" : "remove",
  "path" : "/nodes/root:23/state/warning"
}, {
  "op" : "remove",
  "path" : "/nodes/root:9/state/warning"
}, {
  "op" : "replace",
  "path" : "/allowedActions/canCancel",
  "value" : false
}, {
  "op" : "replace",
  "path" : "/allowedActions/canReset",
  "value" : true
}, {
  "op" : "replace",
  "path" : "/nodes/root:1/allowedActions/canCancel",
  "value" : false
}, {
  "op" : "replace",
  "path" : "/nodes/root:1/allowedActions/canDelete",
  "value" : true
}, {
  "op" : "replace",
  "path" : "/nodes/root:1/allowedActions/canReset",
  "value" : true
}, {
  "op" : "replace",
  "path" : "/nodes/root:1/state/executionState",
  "value" : "EXECUTED"
}, {
  "op" : "replace",
  "path" : "/nodes/root:12/allowedActions/canExecute",
  "value" : true
}, {
  "op" : "replace",
  "path" : "/nodes/root:12/state/executionState",
  "value" : "CONFIGURED"
}, {
  "op" : "replace",
  "path" : "/nodes/root:23/allowedActions/canExecute",
  "value" : true
}, {
  "op" : "replace",
  "path" : "/nodes/root:23/state/executionState",
  "value" : "CONFIGURED"
}, {
  "op" : "replace",
  "path" : "/nodes/root:8/allowedActions/canExecute",
  "value" : true
}, {
  "op" : "replace",
  "path" : "/nodes/root:8/state/executionState",
  "value" : "CONFIGURED"
}, {
  "op" : "replace",
  "path" : "/nodes/root:9/allowedActions/canExecute",
  "value" : true
}, {
  "op" : "replace",
  "path" : "/nodes/root:9/state/executionState",
  "value" : "CONFIGURED"
} ]
}