{
  "ops" : [ {
  "op" : "add",
  "path" : "/nodes/root:12/state/issue",
  "value" : "Component Input #8: Component does not have input data, execute upstream nodes first"
}, {
  "op" : "add",
  "path" : "/nodes/root:12/state/resolutions",
  "value" : [ ]
}, {
  "op" : "add",
  "path" : "/nodes/root:12/state/warning",
  "value" : "Contains one node with execution failure (Component Input #8)"
}, {
  "op" : "add",
  "path" : "/nodes/root:23/state/issue",
  "value" : "Component Input #8: Component does not have input data, execute upstream nodes first"
}, {
  "op" : "add",
  "path" : "/nodes/root:23/state/resolutions",
  "value" : [ ]
}, {
  "op" : "add",
  "path" : "/nodes/root:23/state/warning",
  "value" : "Contains one node with execution failure (Component Input #8)"
}, {
  "op" : "add",
  "path" : "/nodes/root:9/state/issue",
  "value" : "Component Input #8: Component does not have input data, execute upstream nodes first"
}, {
  "op" : "add",
  "path" : "/nodes/root:9/state/resolutions",
  "value" : [ ]
}, {
  "op" : "add",
  "path" : "/nodes/root:9/state/warning",
  "value" : "Contains one node with execution failure (Component Input #8)"
}, {
  "op" : "remove",
  "path" : "/nodes/root:1/outPorts/0/info"
}, {
  "op" : "remove",
  "path" : "/nodes/root:1/outPorts/1/info"
}, {
  "op" : "remove",
  "path" : "/nodes/root:1/outPorts/2/info"
}, {
  "op" : "remove",
  "path" : "/nodes/root:12/outPorts/1/portContentVersion",
  "value" : "PLACEHOLDER_FOR_VERSION"
}, {
  "op" : "remove",
  "path" : "/nodes/root:23/outPorts/1/portContentVersion",
  "value" : "PLACEHOLDER_FOR_VERSION"
}, {
  "op" : "remove",
  "path" : "/nodes/root:8/outPorts/1/portContentVersion",
  "value" : "PLACEHOLDER_FOR_VERSION"
}, {
  "op" : "remove",
  "path" : "/nodes/root:9/outPorts/1/portContentVersion",
  "value" : "PLACEHOLDER_FOR_VERSION"
}, {
  "op" : "replace",
  "path" : "/allowedActions/canReset",
  "value" : false
}, {
  "op" : "replace",
  "path" : "/nodes/root:1/allowedActions/canCollapse",
  "value" : "true"
}, {
  "op" : "replace",
  "path" : "/nodes/root:1/allowedActions/canExecute",
  "value" : true
}, {
  "op" : "replace",
  "path" : "/nodes/root:1/allowedActions/canReset",
  "value" : false
}, {
  "op" : "replace",
  "path" : "/nodes/root:1/outPorts/1/portContentVersion",
  "value" : "PLACEHOLDER_FOR_VERSION"
}, {
  "op" : "replace",
  "path" : "/nodes/root:1/outPorts/2/portContentVersion",
  "value" : "PLACEHOLDER_FOR_VERSION"
}, {
  "op" : "replace",
  "path" : "/nodes/root:1/state/executionState",
  "value" : "CONFIGURED"
}, {
  "op" : "replace",
  "path" : "/nodes/root:10/outPorts/1/portContentVersion",
  "value" : "PLACEHOLDER_FOR_VERSION"
}, {
  "op" : "replace",
  "path" : "/nodes/root:11/outPorts/1/portContentVersion",
  "value" : "PLACEHOLDER_FOR_VERSION"
}, {
  "op" : "replace",
  "path" : "/nodes/root:12/state/executionState",
  "value" : "IDLE"
}, {
  "op" : "replace",
  "path" : "/nodes/root:19/outPorts/1/portContentVersion",
  "value" : "PLACEHOLDER_FOR_VERSION"
}, {
  "op" : "replace",
  "path" : "/nodes/root:2/inputContentVersion",
  "value" : "PLACEHOLDER_FOR_VERSION"
}, {
  "op" : "replace",
  "path" : "/nodes/root:2/outPorts/1/portContentVersion",
  "value" : "PLACEHOLDER_FOR_VERSION"
}, {
  "op" : "replace",
  "path" : "/nodes/root:20/inputContentVersion",
  "value" : "PLACEHOLDER_FOR_VERSION"
}, {
  "op" : "replace",
  "path" : "/nodes/root:20/outPorts/1/portContentVersion",
  "value" : "PLACEHOLDER_FOR_VERSION"
}, {
  "op" : "replace",
  "path" : "/nodes/root:21/outPorts/1/portContentVersion",
  "value" : "PLACEHOLDER_FOR_VERSION"
}, {
  "op" : "replace",
  "path" : "/nodes/root:22/outPorts/1/portContentVersion",
  "value" : "PLACEHOLDER_FOR_VERSION"
}, {
  "op" : "replace",
  "path" : "/nodes/root:23/state/executionState",
  "value" : "IDLE"
}, {
  "op" : "replace",
  "path" : "/nodes/root:25/outPorts/1/portContentVersion",
  "value" : "PLACEHOLDER_FOR_VERSION"
}, {
  "op" : "replace",
  "path" : "/nodes/root:25/outPorts/2/portContentVersion",
  "value" : "PLACEHOLDER_FOR_VERSION"
}, {
  "op" : "replace",
  "path" : "/nodes/root:25/outPorts/3/portContentVersion",
  "value" : "PLACEHOLDER_FOR_VERSION"
}, {
  "op" : "replace",
  "path" : "/nodes/root:27/inputContentVersion",
  "value" : "PLACEHOLDER_FOR_VERSION"
}, {
  "op" : "replace",
  "path" : "/nodes/root:27/outPorts/1/portContentVersion",
  "value" : "PLACEHOLDER_FOR_VERSION"
}, {
  "op" : "replace",
  "path" : "/nodes/root:6/outPorts/0/portContentVersion",
  "value" : "PLACEHOLDER_FOR_VERSION"
}, {
  "op" : "replace",
  "path" : "/nodes/root:6/outPorts/1/portContentVersion",
  "value" : "PLACEHOLDER_FOR_VERSION"
}, {
  "op" : "replace",
  "path" : "/nodes/root:8/outPorts/0/portContentVersion",
  "value" : "PLACEHOLDER_FOR_VERSION"
}, {
  "op" : "replace",
  "path" : "/nodes/root:8/state/executionState",
  "value" : "IDLE"
}, {
  "op" : "replace",
  "path" : "/nodes/root:9/state/executionState",
  "value" : "IDLE"
} ]
}