{
  "ops" : [ {
  "op" : "add",
  "path" : "/nodes/root:186",
  "value" : {
    "allowedActions" : {
      "canCancel" : false,
      "canCollapse" : "true",
      "canDelete" : true,
      "canExecute" : false,
      "canOpenLegacyFlowVariableDialog" : true,
      "canReset" : false
    },
    "dialogType" : "web",
    "id" : "root:186",
    "inPorts" : [ {
      "canRemove" : false,
      "connectedVia" : "[  ]",
      "index" : 0,
      "name" : "Variable Inport",
      "optional" : true,
      "typeId" : "org.knime.core.node.port.flowvariable.FlowVariablePortObject"
    }, {
      "canRemove" : false,
      "connectedVia" : "[  ]",
      "index" : 1,
      "name" : "First table to concatenate",
      "optional" : false,
      "portGroupId" : "input",
      "typeId" : "org.knime.core.node.BufferedDataTable"
    }, {
      "canRemove" : false,
      "connectedVia" : "[  ]",
      "index" : 2,
      "name" : "Second table to concatenate",
      "optional" : false,
      "portGroupId" : "input",
      "typeId" : "org.knime.core.node.BufferedDataTable"
    } ],
    "inputContentVersion" : "PLACEHOLDER_FOR_VERSION",
    "kind" : "node",
    "outPorts" : [ {
      "canRemove" : false,
      "connectedVia" : "[  ]",
      "index" : 0,
      "name" : "Variable Outport",
      "portContentVersion" : "PLACEHOLDER_FOR_VERSION",
      "typeId" : "org.knime.core.node.port.flowvariable.FlowVariablePortObject"
    }, {
      "canRemove" : false,
      "connectedVia" : "[  ]",
      "index" : 1,
      "name" : "Concatenated table",
      "typeId" : "org.knime.core.node.BufferedDataTable"
    } ],
    "portGroups" : {
      "input" : {
        "canAddInPort" : true,
        "inputRange" : [ 1, 2 ],
        "outputRange" : [ ],
        "supportedPortTypeIds" : [ "org.knime.core.node.BufferedDataTable" ]
      }
    },
    "position" : {
      "x" : 40,
      "y" : 56
    },
    "state" : {
      "executionState" : "IDLE"
    },
    "templateId" : "org.knime.base.node.preproc.append.row.AppendedRowsNodeFactory"
  }
} ]
}