{
  "ops" : [ {
  "op" : "add",
  "path" : "/nodes/root:186/inPorts/3",
  "value" : {
    "canRemove" : false,
    "connectedVia" : "[  ]",
    "index" : 3,
    "name" : "Additional table to concatenate",
    "optional" : false,
    "portGroupId" : "input",
    "typeId" : "org.knime.core.node.BufferedDataTable"
  }
}, {
  "op" : "add",
  "path" : "/nodes/root:186/inPorts/4",
  "value" : {
    "canRemove" : true,
    "connectedVia" : "[  ]",
    "index" : 4,
    "name" : "Additional table to concatenate",
    "optional" : false,
    "portGroupId" : "input",
    "typeId" : "org.knime.core.node.BufferedDataTable"
  }
}, {
  "op" : "replace",
  "path" : "/nodes/root:186/portGroups/input/inputRange/1",
  "value" : 4
} ]
}