{
  "ops" : [ {
  "op" : "remove",
  "path" : "/nodes/root:3:0:3/state/resolutions"
}, {
  "op" : "remove",
  "path" : "/nodes/root:3:0:3/state/warning"
}, {
  "op" : "replace",
  "path" : "/allowedActions/canCancel",
  "value" : true
}, {
  "op" : "replace",
  "path" : "/connections/root:3:0:5_1/allowedActions/canDelete",
  "value" : false
}, {
  "op" : "replace",
  "path" : "/connections/root:3:0:6_1/allowedActions/canDelete",
  "value" : false
}, {
  "op" : "replace",
  "path" : "/connections/root:3:0:7_1/allowedActions/canDelete",
  "value" : false
}, {
  "op" : "replace",
  "path" : "/dirty",
  "value" : true
}, {
  "op" : "replace",
  "path" : "/nodes/root:3:0:3/allowedActions/canCollapse",
  "value" : "false"
}, {
  "op" : "replace",
  "path" : "/nodes/root:3:0:3/state/executionState",
  "value" : "EXECUTING"
}, {
  "op" : "replace",
  "path" : "/nodes/root:3:0:5/allowedActions/canCollapse",
  "value" : "false"
}, {
  "op" : "replace",
  "path" : "/nodes/root:3:0:5/allowedActions/canDelete",
  "value" : false
}, {
  "op" : "replace",
  "path" : "/nodes/root:3:0:5/state/executionState",
  "value" : "EXECUTING"
}, {
  "op" : "replace",
  "path" : "/nodes/root:3:0:6/allowedActions/canCollapse",
  "value" : "false"
}, {
  "op" : "replace",
  "path" : "/nodes/root:3:0:6/state/executionState",
  "value" : "EXECUTING"
}, {
  "op" : "replace",
  "path" : "/nodes/root:3:0:7/allowedActions/canCollapse",
  "value" : "false"
}, {
  "op" : "replace",
  "path" : "/nodes/root:3:0:7/allowedActions/canDelete",
  "value" : false
}, {
  "op" : "replace",
  "path" : "/nodes/root:3:0:7/state/executionState",
  "value" : "EXECUTING"
} ]
}