{
  "ops" : [ {
  "op" : "add",
  "path" : "/connections/root:3:0:5_1/label",
  "value" : "3"
}, {
  "op" : "add",
  "path" : "/connections/root:3:0:5_1/streaming",
  "value" : false
}, {
  "op" : "add",
  "path" : "/connections/root:3:0:6_1/label",
  "value" : "2"
}, {
  "op" : "add",
  "path" : "/connections/root:3:0:6_1/streaming",
  "value" : false
}, {
  "op" : "add",
  "path" : "/connections/root:3:0:7_1/label",
  "value" : "3"
}, {
  "op" : "add",
  "path" : "/connections/root:3:0:7_1/streaming",
  "value" : false
}, {
  "op" : "add",
  "path" : "/nodes/root:3:0:3/outPorts/0/info",
  "value" : "Variables connection"
}, {
  "op" : "add",
  "path" : "/nodes/root:3:0:3/outPorts/1/info",
  "value" : "Rows: 0, Cols: 1"
}, {
  "op" : "add",
  "path" : "/nodes/root:3:0:3/outPorts/1/portObjectVersion",
  "value" : "PLACEHOLDER_FOR_VERSION"
}, {
  "op" : "add",
  "path" : "/nodes/root:3:0:5/outPorts/0/info",
  "value" : "Variables connection"
}, {
  "op" : "add",
  "path" : "/nodes/root:3:0:5/outPorts/1/info",
  "value" : "Rows: 3, Cols: 2"
}, {
  "op" : "add",
  "path" : "/nodes/root:3:0:5/outPorts/1/portObjectVersion",
  "value" : "PLACEHOLDER_FOR_VERSION"
}, {
  "op" : "add",
  "path" : "/nodes/root:3:0:6/outPorts/0/info",
  "value" : "Variables connection"
}, {
  "op" : "add",
  "path" : "/nodes/root:3:0:7/outPorts/0/info",
  "value" : "Variables connection"
}, {
  "op" : "add",
  "path" : "/nodes/root:3:0:7/outPorts/1/info",
  "value" : "Rows: 0, Cols: 3"
}, {
  "op" : "add",
  "path" : "/nodes/root:3:0:7/outPorts/1/portObjectVersion",
  "value" : "PLACEHOLDER_FOR_VERSION"
}, {
  "op" : "replace",
  "path" : "/allowedActions/canCancel",
  "value" : false
}, {
  "op" : "replace",
  "path" : "/allowedActions/canReset",
  "value" : true
}, {
  "op" : "replace",
  "path" : "/connections/root:3:0:5_1/allowedActions/canDelete",
  "value" : true
}, {
  "op" : "replace",
  "path" : "/connections/root:3:0:6_1/allowedActions/canDelete",
  "value" : true
}, {
  "op" : "replace",
  "path" : "/connections/root:3:0:7_1/allowedActions/canDelete",
  "value" : true
}, {
  "op" : "replace",
  "path" : "/nodes/root:3:0:3/allowedActions/canCollapse",
  "value" : "resetRequired"
}, {
  "op" : "replace",
  "path" : "/nodes/root:3:0:3/allowedActions/canReset",
  "value" : true
}, {
  "op" : "replace",
  "path" : "/nodes/root:3:0:3/state/executionState",
  "value" : "EXECUTED"
}, {
  "op" : "replace",
  "path" : "/nodes/root:3:0:5/allowedActions/canCollapse",
  "value" : "resetRequired"
}, {
  "op" : "replace",
  "path" : "/nodes/root:3:0:5/allowedActions/canDelete",
  "value" : true
}, {
  "op" : "replace",
  "path" : "/nodes/root:3:0:5/allowedActions/canReset",
  "value" : true
}, {
  "op" : "replace",
  "path" : "/nodes/root:3:0:5/state/executionState",
  "value" : "EXECUTED"
}, {
  "op" : "replace",
  "path" : "/nodes/root:3:0:6/allowedActions/canCollapse",
  "value" : "resetRequired"
}, {
  "op" : "replace",
  "path" : "/nodes/root:3:0:6/allowedActions/canReset",
  "value" : true
}, {
  "op" : "replace",
  "path" : "/nodes/root:3:0:6/state/executionState",
  "value" : "EXECUTED"
}, {
  "op" : "replace",
  "path" : "/nodes/root:3:0:7/allowedActions/canCollapse",
  "value" : "resetRequired"
}, {
  "op" : "replace",
  "path" : "/nodes/root:3:0:7/allowedActions/canDelete",
  "value" : true
}, {
  "op" : "replace",
  "path" : "/nodes/root:3:0:7/allowedActions/canReset",
  "value" : true
}, {
  "op" : "replace",
  "path" : "/nodes/root:3:0:7/state/executionState",
  "value" : "EXECUTED"
} ]
}