{
  "ops" : [ {
  "op" : "add",
  "path" : "/workflowAnnotations/2/defaultFontSize",
  "value" : 11
}, {
  "op" : "add",
  "path" : "/workflowAnnotations/2/styleRanges/0",
  "value" : {
    "color" : "#000000",
    "fontSize" : 11,
    "length" : 1,
    "start" : 1
  }
}, {
  "op" : "add",
  "path" : "/workflowAnnotations/3/styleRanges/1",
  "value" : {
    "color" : "#CC0000",
    "fontSize" : 16,
    "length" : 5,
    "start" : 8
  }
}, {
  "op" : "add",
  "path" : "/workflowAnnotations/3/styleRanges/10",
  "value" : {
    "color" : "#73D216",
    "fontSize" : 16,
    "length" : 1,
    "start" : 62
  }
}, {
  "op" : "add",
  "path" : "/workflowAnnotations/3/styleRanges/11",
  "value" : {
    "color" : "#000000",
    "fontSize" : 16,
    "length" : 202,
    "start" : 63
  }
}, {
  "op" : "add",
  "path" : "/workflowAnnotations/3/styleRanges/12",
  "value" : {
    "color" : "#CC0000",
    "fontSize" : 16,
    "length" : 5,
    "start" : 265
  }
}, {
  "op" : "add",
  "path" : "/workflowAnnotations/3/styleRanges/13",
  "value" : {
    "bold" : true,
    "color" : "#4E9A06",
    "fontSize" : 24,
    "length" : 11,
    "start" : 270
  }
}, {
  "op" : "add",
  "path" : "/workflowAnnotations/3/styleRanges/14",
  "value" : {
    "color" : "#000000",
    "fontSize" : 9,
    "length" : 7,
    "start" : 281
  }
}, {
  "op" : "add",
  "path" : "/workflowAnnotations/3/styleRanges/15",
  "value" : {
    "bold" : true,
    "color" : "#000000",
    "fontSize" : 13,
    "italic" : true,
    "length" : 13,
    "start" : 288
  }
}, {
  "op" : "add",
  "path" : "/workflowAnnotations/3/styleRanges/16",
  "value" : {
    "color" : "#3465A4",
    "fontSize" : 20,
    "length" : 2,
    "start" : 301
  }
}, {
  "op" : "add",
  "path" : "/workflowAnnotations/3/styleRanges/17",
  "value" : {
    "color" : "#000000",
    "fontSize" : 16,
    "length" : 23,
    "start" : 303
  }
}, {
  "op" : "add",
  "path" : "/workflowAnnotations/3/styleRanges/2",
  "value" : {
    "bold" : true,
    "color" : "#73D216",
    "fontSize" : 24,
    "length" : 11,
    "start" : 13
  }
}, {
  "op" : "add",
  "path" : "/workflowAnnotations/3/styleRanges/3",
  "value" : {
    "color" : "#000000",
    "fontSize" : 9,
    "length" : 7,
    "start" : 24
  }
}, {
  "op" : "add",
  "path" : "/workflowAnnotations/3/styleRanges/4",
  "value" : {
    "bold" : true,
    "color" : "#000000",
    "fontSize" : 13,
    "italic" : true,
    "length" : 12,
    "start" : 31
  }
}, {
  "op" : "add",
  "path" : "/workflowAnnotations/3/styleRanges/5",
  "value" : {
    "bold" : true,
    "color" : "#000000",
    "fontSize" : 16,
    "length" : 6,
    "start" : 43
  }
}, {
  "op" : "add",
  "path" : "/workflowAnnotations/3/styleRanges/6",
  "value" : {
    "color" : "#000000",
    "fontSize" : 16,
    "italic" : true,
    "length" : 1,
    "start" : 49
  }
}, {
  "op" : "add",
  "path" : "/workflowAnnotations/3/styleRanges/7",
  "value" : {
    "bold" : true,
    "color" : "#000000",
    "fontSize" : 16,
    "length" : 2,
    "start" : 50
  }
}, {
  "op" : "add",
  "path" : "/workflowAnnotations/3/styleRanges/8",
  "value" : {
    "bold" : true,
    "color" : "#000000",
    "fontSize" : 16,
    "italic" : true,
    "length" : 7,
    "start" : 52
  }
}, {
  "op" : "add",
  "path" : "/workflowAnnotations/3/styleRanges/9",
  "value" : {
    "bold" : true,
    "color" : "#000000",
    "fontSize" : 16,
    "length" : 3,
    "start" : 59
  }
}, {
  "op" : "add",
  "path" : "/workflowAnnotations/5/styleRanges/0/bold",
  "value" : true
}, {
  "op" : "add",
  "path" : "/workflowAnnotations/5/styleRanges/1",
  "value" : {
    "color" : "#000000",
    "fontSize" : 13,
    "italic" : true,
    "length" : 3,
    "start" : 16
  }
}, {
  "op" : "add",
  "path" : "/workflowAnnotations/5/styleRanges/2",
  "value" : {
    "color" : "#000000",
    "fontSize" : 8,
    "length" : 3,
    "start" : 20
  }
}, {
  "op" : "add",
  "path" : "/workflowAnnotations/5/styleRanges/3",
  "value" : {
    "color" : "#EF2929",
    "fontSize" : 13,
    "length" : 3,
    "start" : 24
  }
}, {
  "op" : "remove",
  "path" : "/workflowAnnotations/1/defaultFontSize"
}, {
  "op" : "remove",
  "path" : "/workflowAnnotations/4/styleRanges/1"
}, {
  "op" : "remove",
  "path" : "/workflowAnnotations/4/styleRanges/1"
}, {
  "op" : "remove",
  "path" : "/workflowAnnotations/4/styleRanges/1"
}, {
  "op" : "remove",
  "path" : "/workflowAnnotations/4/styleRanges/1"
}, {
  "op" : "remove",
  "path" : "/workflowAnnotations/4/styleRanges/1"
}, {
  "op" : "remove",
  "path" : "/workflowAnnotations/4/styleRanges/1"
}, {
  "op" : "remove",
  "path" : "/workflowAnnotations/4/styleRanges/1"
}, {
  "op" : "remove",
  "path" : "/workflowAnnotations/4/styleRanges/1"
}, {
  "op" : "remove",
  "path" : "/workflowAnnotations/4/styleRanges/1"
}, {
  "op" : "remove",
  "path" : "/workflowAnnotations/4/styleRanges/1"
}, {
  "op" : "remove",
  "path" : "/workflowAnnotations/4/styleRanges/1"
}, {
  "op" : "remove",
  "path" : "/workflowAnnotations/4/styleRanges/1"
}, {
  "op" : "remove",
  "path" : "/workflowAnnotations/4/styleRanges/1"
}, {
  "op" : "remove",
  "path" : "/workflowAnnotations/4/styleRanges/1"
}, {
  "op" : "remove",
  "path" : "/workflowAnnotations/4/styleRanges/1"
}, {
  "op" : "remove",
  "path" : "/workflowAnnotations/4/styleRanges/1"
}, {
  "op" : "remove",
  "path" : "/workflowAnnotations/4/styleRanges/1"
}, {
  "op" : "remove",
  "path" : "/workflowAnnotations/6/defaultFontSize"
}, {
  "op" : "remove",
  "path" : "/workflowAnnotations/6/styleRanges/0"
}, {
  "op" : "remove",
  "path" : "/workflowAnnotations/6/styleRanges/0"
}, {
  "op" : "remove",
  "path" : "/workflowAnnotations/6/styleRanges/0"
}, {
  "op" : "remove",
  "path" : "/workflowAnnotations/6/styleRanges/0"
}, {
  "op" : "remove",
  "path" : "/workflowAnnotations/7"
}, {
  "op" : "replace",
  "path" : "/workflowAnnotations/0/borderColor",
  "value" : "#EF2929"
}, {
  "op" : "replace",
  "path" : "/workflowAnnotations/0/bounds/x",
  "value" : 880
}, {
  "op" : "replace",
  "path" : "/workflowAnnotations/0/id",
  "value" : "root_1"
}, {
  "op" : "replace",
  "path" : "/workflowAnnotations/0/text",
  "value" : "this is a red workflow annotation"
}, {
  "op" : "replace",
  "path" : "/workflowAnnotations/1/borderColor",
  "value" : "#FFD800"
}, {
  "op" : "replace",
  "path" : "/workflowAnnotations/1/bounds/x",
  "value" : 80
}, {
  "op" : "replace",
  "path" : "/workflowAnnotations/1/bounds/y",
  "value" : 880
}, {
  "op" : "replace",
  "path" : "/workflowAnnotations/1/id",
  "value" : "root_2"
}, {
  "op" : "replace",
  "path" : "/workflowAnnotations/1/text",
  "value" : ""
}, {
  "op" : "replace",
  "path" : "/workflowAnnotations/2/bounds/height",
  "value" : 81
}, {
  "op" : "replace",
  "path" : "/workflowAnnotations/2/bounds/width",
  "value" : 101
}, {
  "op" : "replace",
  "path" : "/workflowAnnotations/2/bounds/x",
  "value" : 340
}, {
  "op" : "replace",
  "path" : "/workflowAnnotations/2/id",
  "value" : "root_3"
}, {
  "op" : "replace",
  "path" : "/workflowAnnotations/2/text",
  "value" : "<= an empty\nworkflow\nannotation"
}, {
  "op" : "replace",
  "path" : "/workflowAnnotations/3/backgroundColor",
  "value" : "#F3F3F3"
}, {
  "op" : "replace",
  "path" : "/workflowAnnotations/3/borderColor",
  "value" : "#CC0000"
}, {
  "op" : "replace",
  "path" : "/workflowAnnotations/3/bounds/height",
  "value" : 341
}, {
  "op" : "replace",
  "path" : "/workflowAnnotations/3/bounds/width",
  "value" : 421
}, {
  "op" : "replace",
  "path" : "/workflowAnnotations/3/bounds/x",
  "value" : 1120
}, {
  "op" : "replace",
  "path" : "/workflowAnnotations/3/bounds/y",
  "value" : 700
}, {
  "op" : "replace",
  "path" : "/workflowAnnotations/3/id",
  "value" : "root_4"
}, {
  "op" : "replace",
  "path" : "/workflowAnnotations/3/styleRanges/0/fontSize",
  "value" : 16
}, {
  "op" : "replace",
  "path" : "/workflowAnnotations/3/styleRanges/0/length",
  "value" : 8
}, {
  "op" : "replace",
  "path" : "/workflowAnnotations/3/styleRanges/0/start",
  "value" : 0
}, {
  "op" : "replace",
  "path" : "/workflowAnnotations/3/text",
  "value" : "normal16red16greenbold24normal9bolditalic13\n﷽\n\nabcde👮🏻‍♂️f\n\n\nabc abc abc abc abc abc abc abc abc abc abc abc abc abc abc abc abc abc abc abc abc abc abc abc abc abc abc abc abc abc abc abc abc abc abc abc abc abc abc abc abc abc abc abc abc abc abc abc \n\nnormal16red16greenbold24normal9bolditalic13\n﷽\n---\nעברית היא שפה שמית."
}, {
  "op" : "replace",
  "path" : "/workflowAnnotations/3/textAlign",
  "value" : "center"
}, {
  "op" : "replace",
  "path" : "/workflowAnnotations/4/backgroundColor",
  "value" : "#FFFFFF"
}, {
  "op" : "replace",
  "path" : "/workflowAnnotations/4/borderColor",
  "value" : "#FFD800"
}, {
  "op" : "replace",
  "path" : "/workflowAnnotations/4/bounds/height",
  "value" : 61
}, {
  "op" : "replace",
  "path" : "/workflowAnnotations/4/bounds/width",
  "value" : 161
}, {
  "op" : "replace",
  "path" : "/workflowAnnotations/4/bounds/x",
  "value" : 1220
}, {
  "op" : "replace",
  "path" : "/workflowAnnotations/4/bounds/y",
  "value" : 380
}, {
  "op" : "replace",
  "path" : "/workflowAnnotations/4/defaultFontSize",
  "value" : 13
}, {
  "op" : "replace",
  "path" : "/workflowAnnotations/4/id",
  "value" : "root_5"
}, {
  "op" : "replace",
  "path" : "/workflowAnnotations/4/styleRanges/0/fontSize",
  "value" : 13
}, {
  "op" : "replace",
  "path" : "/workflowAnnotations/4/styleRanges/0/length",
  "value" : 5
}, {
  "op" : "replace",
  "path" : "/workflowAnnotations/4/styleRanges/0/start",
  "value" : 11
}, {
  "op" : "replace",
  "path" : "/workflowAnnotations/4/text",
  "value" : "Annotation front"
}, {
  "op" : "replace",
  "path" : "/workflowAnnotations/4/textAlign",
  "value" : "left"
}, {
  "op" : "replace",
  "path" : "/workflowAnnotations/5/backgroundColor",
  "value" : "#EFF0EE"
}, {
  "op" : "replace",
  "path" : "/workflowAnnotations/5/borderColor",
  "value" : "#CC0000"
}, {
  "op" : "replace",
  "path" : "/workflowAnnotations/5/borderWidth",
  "value" : 4
}, {
  "op" : "replace",
  "path" : "/workflowAnnotations/5/bounds/x",
  "value" : 1360
}, {
  "op" : "replace",
  "path" : "/workflowAnnotations/5/bounds/y",
  "value" : 400
}, {
  "op" : "replace",
  "path" : "/workflowAnnotations/5/id",
  "value" : "root_6"
}, {
  "op" : "replace",
  "path" : "/workflowAnnotations/5/styleRanges/0/length",
  "value" : 4
}, {
  "op" : "replace",
  "path" : "/workflowAnnotations/5/text",
  "value" : "Annotation back\nfoo and bar"
}, {
  "op" : "replace",
  "path" : "/workflowAnnotations/5/textAlign",
  "value" : "center"
}, {
  "op" : "replace",
  "path" : "/workflowAnnotations/6/backgroundColor",
  "value" : "#000000"
}, {
  "op" : "replace",
  "path" : "/workflowAnnotations/6/borderColor",
  "value" : "#000000"
}, {
  "op" : "replace",
  "path" : "/workflowAnnotations/6/borderWidth",
  "value" : 0
}, {
  "op" : "replace",
  "path" : "/workflowAnnotations/6/bounds/height",
  "value" : 0
}, {
  "op" : "replace",
  "path" : "/workflowAnnotations/6/bounds/width",
  "value" : 0
}, {
  "op" : "replace",
  "path" : "/workflowAnnotations/6/bounds/x",
  "value" : 0
}, {
  "op" : "replace",
  "path" : "/workflowAnnotations/6/bounds/y",
  "value" : 0
}, {
  "op" : "replace",
  "path" : "/workflowAnnotations/6/id",
  "value" : "root_7"
}, {
  "op" : "replace",
  "path" : "/workflowAnnotations/6/text",
  "value" : ""
}, {
  "op" : "replace",
  "path" : "/workflowAnnotations/6/textAlign",
  "value" : "left"
} ]
}