{
  "items" : [ {
    "id" : "-199408696",
    "name" : "EmptyGroup",
    "type" : "WorkflowGroup"
  }, {
    "id" : "-2135945432",
    "name" : "Group1",
    "type" : "WorkflowGroup"
  }, {
    "id" : "-2135945431",
    "name" : "Group2",
    "type" : "WorkflowGroup"
  }, {
    "id" : "-184771659",
    "name" : "workflow",
    "type" : "Workflow"
  }, {
    "id" : "365352903",
    "name" : "component",
    "type" : "Component"
  }, {
    "id" : "1567783458",
    "name" : "data.txt",
    "type" : "Other"
  }, {
    "id" : "1647518753",
    "name" : "öäüß.txt",
    "type" : "Other"
  } ],
  "pathIds" : [ ],
  "pathNames" : [ ]
}