{
  "items" : [ {
    "id" : "PLACEHOLDER_FOR_ID",
    "name" : "workflow",
    "type" : "Workflow"
  }, {
    "id" : "PLACEHOLDER_FOR_ID",
    "name" : "component",
    "type" : "Component"
  } ],
  "path" : [ {
    "id" : "PLACEHOLDER_FOR_ID",
    "name" : "Group1"
  }, {
    "id" : "PLACEHOLDER_FOR_ID",
    "name" : "Group11"
  } ]
}