{
  "items" : [ {
    "id" : "PLACEHOLDER_FOR_ID",
    "name" : "empty group",
    "type" : "WorkflowGroup"
  }, {
    "id" : "PLACEHOLDER_FOR_ID",
    "name" : "Group11",
    "type" : "WorkflowGroup"
  }, {
    "id" : "PLACEHOLDER_FOR_ID",
    "name" : "workflow",
    "type" : "Workflow"
  }, {
    "id" : "PLACEHOLDER_FOR_ID",
    "name" : "workflow2",
    "type" : "Workflow"
  }, {
    "id" : "PLACEHOLDER_FOR_ID",
    "name" : "Metanode",
    "type" : "WorkflowTemplate"
  }, {
    "id" : "PLACEHOLDER_FOR_ID",
    "name" : "data2.txt",
    "type" : "Data"
  }, {
    "id" : "PLACEHOLDER_FOR_ID",
    "name" : "data.txt",
    "type" : "Data"
  }, {
    "id" : "PLACEHOLDER_FOR_ID",
    "name" : "template",
    "type" : "Data"
  } ],
  "path" : [ {
    "id" : "PLACEHOLDER_FOR_ID",
    "name" : "Group1"
  } ]
}