{
  "root:3:0:7_1" : {
    "destNode" : "root:3:0:7",
    "destPort" : 1,
    "id" : "root:3:0:7_1",
    "label" : "3",
    "sourceNode" : "root:3:0:5",
    "sourcePort" : 1,
    "streaming" : false
  },
  "root:3:0:5_1" : {
    "destNode" : "root:3:0:5",
    "destPort" : 1,
    "id" : "root:3:0:5_1",
    "label" : "3",
    "sourceNode" : "root:3:0:3",
    "sourcePort" : 1,
    "streaming" : false
  },
  "root:3:0:6_1" : {
    "destNode" : "root:3:0:6",
    "destPort" : 1,
    "id" : "root:3:0:6_1",
    "label" : "2",
    "sourceNode" : "root:3:0:7",
    "sourcePort" : 1,
    "streaming" : false
  },
  "root:3:0:7_1" : {
    "destNode" : "root:3:0:7",
    "destPort" : 1,
    "label" : "3",
    "sourceNode" : "root:3:0:5",
    "sourcePort" : 1,
    "streaming" : false
  }
}