{
  "executionInfo" : {
    "streamable" : true
  },
  "id" : "root:3:0:5",
  "inPorts" : [ {
    "connectedVia" : "[  ]",
    "index" : 0,
    "name" : "Variable Inport",
    "optional" : true,
    "typeId" : "org.knime.core.node.port.flowvariable.FlowVariablePortObject"
  }, {
    "connectedVia" : "[ root:3:0:5_1 ]",
    "index" : 1,
    "name" : "An input table",
    "optional" : false,
    "typeId" : "org.knime.core.node.BufferedDataTable"
  } ],
  "kind" : "node",
  "outPorts" : [ {
    "connectedVia" : "[  ]",
    "index" : 0,
    "info" : "Variables connection",
    "name" : "Variable Outport",
    "typeId" : "org.knime.core.node.port.flowvariable.FlowVariablePortObject"
  }, {
    "connectedVia" : "[ root:3:0:7_1 ]",
    "index" : 1,
    "info" : "Rows: 3, Cols: 2",
    "name" : "Appended table",
    "typeId" : "org.knime.core.node.BufferedDataTable"
  } ],
  "position" : {
    "x" : 150,
    "y" : 126
  },
  "state" : {
    "executionState" : "EXECUTED"
  },
  "templateId" : "org.knime.base.node.jsnippet.JavaSnippetNodeFactory#Java Snippet"
}