{
  "root:5:0:5_1" : {
    "destNode" : "root:5:0:5",
    "destPort" : 1,
    "id" : "root:5:0:5_1",
    "label" : "2",
    "sourceNode" : "root:5:0:3",
    "sourcePort" : 1,
    "streaming" : true
  },
  "root:5:0:6_1" : {
    "destNode" : "root:5:0:6",
    "destPort" : 1,
    "id" : "root:5:0:6_1",
    "label" : "0",
    "sourceNode" : "root:5:0:5",
    "sourcePort" : 1,
    "streaming" : true
  }
}