{
  "description" : "Outputs an integer flow variable with a set value from a component's dialog.",
  "extension" : {
    "name" : "KNIME Quick Form Nodes",
    "vendor" : {
      "isKNIME" : true,
      "name" : "KNIME AG, Zurich, Switzerland"
    }
  },
  "inPorts" : [ {
    "description" : "Input table which contains at least one integer\n\t\t\tcolumn with\tdomain values set, which can be used to control the\n\t\t\tminimum and\tmaximum values of the slider.\n\t\t",
    "name" : "Table Input with applicable domain values",
    "optional" : true,
    "typeId" : "org.knime.core.node.BufferedDataTable"
  } ],
  "options" : [ {
    "fields" : [ {
      "description" : "\n\t\t  A descriptive label that will be shown in the dialog\n\t\t",
      "name" : "Label",
      "optional" : false
    }, {
      "description" : "\n\t\t  Some lines of description that will be shown for instance in the node description of the component exposing a\n\t\t  dialog.\n\t\t",
      "name" : "Description",
      "optional" : false
    }, {
      "description" : "Parameter identifier for external parameterization (e.g. batch execution). \n\t\t  This will also be the name of the exported flow variable.",
      "name" : "Parameter Name",
      "optional" : false
    }, {
      "description" : "\n\t\t  An optional integer minimum value.\n\t\t",
      "name" : "Minimum",
      "optional" : false
    }, {
      "description" : "\n          An optional integer maximum value.\n        ",
      "name" : "Maximum",
      "optional" : false
    }, {
      "description" : "\n          The value that is selected by default.\n        ",
      "name" : "Default Value",
      "optional" : false
    } ]
  } ],
  "outPorts" : [ {
    "description" : "\n\t\t  Variable output (integer) with the given variable defined.\n\t\t",
    "name" : "Flow Variable Output",
    "optional" : false,
    "typeId" : "org.knime.core.node.port.flowvariable.FlowVariablePortObject"
  } ],
  "shortDescription" : "\n\t   Provides a slider configuration option to an encapsulating component's dialog. \n\t   Outputs a integer flow variable with the set value.\n\t"
}