{
  "description" : "        \n        Renders a decision tree view on an image. Currently supported image\n        type is PNG. The data input is optional. It can be used to provide a\n        column with color information. This color information is needed for \n        the chart in the nodes of the decision tree.\n        ",
  "extension" : {
    "name" : "KNIME Base Nodes",
    "vendor" : {
      "isKNIME" : true,
      "name" : "KNIME AG, Zurich, Switzerland"
    }
  },
  "inPorts" : [ {
    "description" : "A previously learned decision tree model",
    "name" : "Decision Tree Model",
    "optional" : false,
    "typeId" : "org.knime.core.node.port.pmml.PMMLPortObject"
  }, {
    "description" : "A data input which has the only purpose to provide a columns with color information.",
    "name" : "Data (color information)",
    "optional" : true,
    "typeId" : "org.knime.core.node.BufferedDataTable"
  } ],
  "options" : [ {
    "fields" : [ {
      "description" : "\n            The width of the image.\n        ",
      "name" : "Width (in Pixel)",
      "optional" : false
    }, {
      "description" : "\n            The height of the image.\n        ",
      "name" : "Collapse Table",
      "optional" : false
    }, {
      "description" : "\n            To make sure that the decision tree is completely rendered on the\n            image you would choose <b>Shrink to image area</b>. With \n            <b>Fit to image area</b> the tree may also be scaled up to fit the\n            image area. Finally, <b>Fixed value</b> gives control over the\n            scaling magnitude.            \n        ",
      "name" : "Tree Scaling",
      "optional" : false
    }, {
      "description" : "\n            The scaling magnitude for the tree scaling option <b>Fixed value</b>. \n        ",
      "name" : "Zoom",
      "optional" : false
    }, {
      "description" : "\n            With this options you can restrict the number of branches (nodes) \n            of the tree rendered on the image. Using \n            <b>Unfold with data coverage</b>, all branches will be unfolded that\n            have a total data coverage greater than the given value. With\n            <b>Unfold to level</b>, the tree will be unfolded to the given\n            level where the root is on level 0 and its children on level 1.\n        ",
      "name" : "Branch Display",
      "optional" : false
    }, {
      "description" : "\n            Controls the style how the nodes of the tree are displayed. You \n            can choose to hide the table ore the chart in the nodes. Note, that\n            the chart will show up only when the data input provides a column\n            with color information. \n        ",
      "name" : "Node Display",
      "optional" : false
    } ]
  } ],
  "outPorts" : [ {
    "description" : "The image of the decision tree (PNG)",
    "name" : "Image",
    "optional" : false,
    "typeId" : "org.knime.core.node.port.image.ImagePortObject"
  } ],
  "shortDescription" : "\n        Renders a decision tree view on an image (PNG).\n    ",
  "views" : [ {
    "description" : "\n            The rendered image. The second tab provides a dynamic decision\n            tree view which allows to explore the decision tree.\n        ",
    "name" : "Decision Tree View"
  } ]
}