{
  "description" : "\n            This node concatenates two tables. The table at inport 0 is given as the first\n            input table (top input port), the table at inport 1 is the second table, resp. \n\t\t\tColumns with equal names are concatenated (if the column types differ \n\t\t\tthe column type is the common base type of both input column types). \n\t\t\tIf one input table contains column names that the other table does not, the\n\t\t\tcolumns can either be filled with missing values or\n\t\t\tfiltered out, i.e. they will not be in the output table.\n\t\t\tThe dialog allows setting the following parameters:\n\t\t",
  "dynamicInPortGroupDescriptions" : [ {
    "description" : "\n        \tTable contributing subsequent rows.\n        ",
    "identifier" : "input",
    "name" : "Additional table to concatenate",
    "supportedPortTypes" : [ {
      "optional" : false,
      "typeId" : "org.knime.core.node.BufferedDataTable"
    } ]
  } ],
  "inPorts" : [ {
    "description" : "Table contributing the rows of the first part of the output table.",
    "name" : "First table to concatenate",
    "optional" : false,
    "typeId" : "org.knime.core.node.BufferedDataTable"
  }, {
    "description" : "Table contributing the rows of the second part of the output table.",
    "name" : "Second table to concatenate",
    "optional" : false,
    "typeId" : "org.knime.core.node.BufferedDataTable"
  } ],
  "links" : [ {
    "text" : "\n\t\t\tKNIME E-Learning Course: Concatenation\n\t\t",
    "url" : "https://www.knime.com/knime-introductory-course/chapter3/section3/concatenation"
  } ],
  "options" : [ {
    "fields" : [ {
      "description" : "\n\t\t\t<ul>\n\t\t\t\t<li><b>Intersection:</b> Use only the columns that appear\n                    in every input table. Any other column is ignored and won't appear\n                    in the output table.</li>\n                <li><b>Union:</b> Use all columns from all input\n                    tables. Fill rows with missing values if they miss cells for some columns.</li>\n\t\t\t</ul>\n\t\t",
      "name" : "Output columns",
      "optional" : false
    }, {
      "description" : "\n\t\t\t<ul>\n\t\t\t\t<li><b>Skip:</b> Duplicate row identifiers (RowID) occurring in the \n\t        second table are not appended to the output table. This option is \n\t        relatively memory intensive as it needs to cache the row IDs in\n\t        order to find duplicates. Furthermore a full data\n\t\t\tduplication is needed.</li>\n\t\t\t\t<li><b>Append suffix:</b> The output table will contain all rows, but\n            duplicate row identifiers are labeled with a suffix. Similar to\n            the \"Skip\" option this method is also memory intensive.</li>\n            \t<li><b>Fail:</b> The node will fail during execution if duplicate \n            row IDs are encountered. This option is efficient while checking \n            uniqueness.</li>\n\t\t\t</ul>\n\t\t",
      "name" : "Resolution action for duplicate RowIDs",
      "optional" : false
    }, {
      "description" : "\n            Advanced setting that enables hiliting between both inputs and the concatenated output\n            table.\n        ",
      "name" : "Enable hiliting",
      "optional" : false
    } ]
  } ],
  "outPorts" : [ {
    "description" : "Table with rows from both tables.",
    "name" : "Concatenated table",
    "optional" : false,
    "typeId" : "org.knime.core.node.BufferedDataTable"
  } ],
  "shortDescription" : "Concatenates two tables row-wise."
}