{
  "description" : "\n            intro content <b>markup</b>\n            <h4>table</h4>\n\n            <table>\n                <tr>\n                    <th>table head 1</th>\n                    <th>table head 2</th>\n                </tr>\n                <tr>\n                    <td>cell 1.1</td>\n                    <td>cell 1.2</td>\n                </tr>\n                <tr>\n                    <td>cell 2.1</td>\n                    <td>cell 2.2</td>\n                </tr>\n            </table>\n        ",
  "dynamicInPortGroupDescriptions" : [ {
    "description" : "\n            dynamic in port group one description with <i>markup</i>\n        ",
    "identifier" : "dynamic in port group one group identifier",
    "name" : "dynamic in port group one name"
  }, {
    "description" : "\n            dynamic in port group two description with <i>markup</i>\n        ",
    "identifier" : "dynamic in port group two group identifier",
    "name" : "dynamic in port group two name"
  } ],
  "dynamicOutPortGroupDescriptions" : [ {
    "description" : "\n            <p>\n                dynamic out port group one description with\n                <ul>\n                    <li>markup</li>\n                </ul>\n            </p>\n        ",
    "identifier" : "dynamic out port group one group identifier",
    "name" : "dynamic out port group one name"
  } ],
  "inPorts" : [ {
    "description" : "static in port one description",
    "name" : "static in port one name",
    "optional" : false,
    "type" : "table"
  }, {
    "description" : "static in port two description",
    "name" : "static in port two name",
    "optional" : false,
    "type" : "table"
  } ],
  "interactiveView" : {
    "description" : "\n        interactive view <i>description</i>.\n        <ol>\n            <li>foo</li>\n            <li>bar</li>\n        </ol>\n    ",
    "name" : "interactive view name"
  },
  "links" : [ {
    "text" : "\n            link one description\n        ",
    "url" : "https://www.knime.com/about#1"
  }, {
    "text" : "\n            link two description\n        ",
    "url" : "https://www.knime.com/about#2"
  } ],
  "options" : [ {
    "fields" : [ {
      "description" : "\n                option one description <i>markup</i> more text\n            ",
      "name" : "option one name",
      "optional" : false
    }, {
      "description" : "\n                option two description\n            ",
      "name" : "option two name",
      "optional" : false
    } ],
    "sectionDescription" : "option group one description",
    "sectionName" : "option group one name"
  }, {
    "fields" : [ {
      "description" : "...",
      "name" : "option three name",
      "optional" : false
    }, {
      "description" : "...",
      "name" : "option four name",
      "optional" : false
    } ],
    "sectionName" : "option group two name"
  } ],
  "outPorts" : [ {
    "description" : "static out port one description",
    "name" : "static out port one name",
    "optional" : false,
    "type" : "table"
  }, {
    "description" : "static out port two description",
    "name" : "static out port two name",
    "optional" : false,
    "type" : "table"
  } ],
  "shortDescription" : "short description content",
  "views" : [ {
    "description" : "view one description with <b>markup</b>",
    "name" : "view one name"
  }, {
    "description" : "view two description with <b>markup</b>",
    "name" : "view two name"
  } ]
}