{
  "description" : "\n\t\t\t<p>A bar chart based on the NVD3 library.</p>\n\t\t\t<p>\n            The node supports custom CSS styling. \n            You can simply put CSS rules into a single string and set it as a flow variable 'customCSS' \n            in the node configuration dialog. \n            You will find the list of available classes and their description on our <a href=\"https://knime.com/css-styling\">documentation page</a>.\n            </p>\n\t\t",
  "extension" : {
    "name" : "D3 Samples for KNIME Dynamic JavaScript Node Generation",
    "vendor" : {
      "isKNIME" : true,
      "name" : "KNIME AG, Zurich, Switzerland"
    }
  },
  "inPorts" : [ {
    "description" : "\n\t\t\tData table containing the categories and values to be plotted in a bar\n\t\t\tchart.\n\t\t",
    "name" : "Display data",
    "optional" : false,
    "typeId" : "org.knime.core.node.BufferedDataTable"
  }, {
    "description" : "\n\t\t\tData table containing one column with the column names of table which has in addition a color assigned.\n\t\t\t<b>Note:</b> for the \"Occurrence Count\" aggregation method the column name in the color table should be also \"Occurrence Count\".\n\t\t",
    "name" : "Bar color data",
    "optional" : true,
    "typeId" : "org.knime.core.node.BufferedDataTable"
  } ],
  "interactiveView" : {
    "description" : "\n\t\tA bar chart based on the NVD3 library.\n\t",
    "name" : "Grouped Bar Chart"
  },
  "options" : [ {
    "fields" : [ {
      "description" : "\n\t\t\t\t\tSelect the column that contains the category values.\n\t\t\t\t",
      "name" : "Category Column",
      "optional" : false
    }, {
      "description" : "\n\t\t\t\t\tWhen checked the bars are sorted alphabetically with respect to their label derived from the \n\t\t\t\t\tcategory column. If not checked the order is derived from the first appearance of the value in the\n\t\t\t\t\tinput table.\n\t\t\t\t",
      "name" : "Sort bars alphabetically",
      "optional" : false
    }, {
      "description" : "\n\t\t\t\t\tSelect the aggregation method used on the selected frequency columns. In case of <i>Occurence Count</i> the occurence of the unique values\n\t\t\t\t\tof the selected category columns are determined.\n\t\t\t\t",
      "name" : "Aggregation Method",
      "optional" : false
    }, {
      "description" : "\n\t\t\t\t\tSelect the columns with frequencies for which you wish to plot bars.\n\t\t\t\t\t<i>Note:</i> Missing values in the frequency column will be ignored with a corresponding warning message.<br/>\n\t\t\t\t\tIf, after aggregation, some bars or entire categories contain only missing values, they will be excluded from the view and a warning message will be raised.\n\t\t\t\t",
      "name" : "Frequency columns",
      "optional" : false
    }, {
      "description" : "\n                    Process the table in the memory. Requires more memory but is faster\n                \tsince the table needs not to be sorted prior aggregation. \n                \tThe memory consumption depends on the number of unique groups and\n                \tthe chosen aggregation method.\n                ",
      "name" : "Process in memory",
      "optional" : false
    }, {
      "description" : "\n                    Check to get the detailed warning messages in the view about missing values and enable 'Missing values' category.\n                    If not checked, missing values will be ignored without raising a warning. 'Missing values' category will not be present.\n                ",
      "name" : "Report on missing values",
      "optional" : false
    }, {
      "description" : "\n                    If checked, missing values in the category column will form a separate class named \"Missing values\". Otherwise they will be ignored.                     \n                ",
      "name" : "Include 'Missing values' category",
      "optional" : false
    } ],
    "sectionName" : "Options"
  }, {
    "fields" : [ {
      "description" : "\n\t\t\t\t\tThe chart title.\n\t\t\t\t",
      "name" : "Title",
      "optional" : true
    }, {
      "description" : "\n\t\t\t\t\tThe chart subtitle.\n\t\t\t\t",
      "name" : "Subtitle",
      "optional" : true
    }, {
      "description" : "\n\t\t\t\t\tThe label used for the category axis.\n\t\t\t\t",
      "name" : "Category-axis label",
      "optional" : true
    }, {
      "description" : "\n\t\t\t\t\tThe label used for the frequency axis.\n\t\t\t\t",
      "name" : "Frequency-axis label",
      "optional" : true
    }, {
      "description" : "\n                    Select how to display the bar chart columns. In <i>Grouped</i> chart one bar indicates a separate value from a column, while in <i>Stacked</i> chart a bar is a stack of all values in a column.                  \n                ",
      "name" : "Chart type",
      "optional" : false
    }, {
      "description" : "\n\t\t\t\t\tWhen checked, the bar chart category legend is rendered in a staggered fashion to\n\t\t\t\t\tallow more room for readability for long category names.\n\t\t\t\t",
      "name" : "Stagger labels",
      "optional" : false
    }, {
      "description" : "\n\t\t\t\t\tWhen checked, the bar chart legend is displayed.\n\t\t\t\t",
      "name" : "Display legend",
      "optional" : false
    }, {
      "description" : "\n\t\t\t\t\tWhen checked, a rich tooltip is displayed when hovering over the individual bars of the bar chart.\n\t\t\t\t",
      "name" : "Display rich tooltips",
      "optional" : false
    }, {
      "description" : "\n\t\t\t\t\tCheck to plot the bar chart horizontally. By default bar chart is\n\t\t\t\t\tplotted with vertical bars.\n\t\t\t\t",
      "name" : "Plot horizontal bar chart",
      "optional" : false
    }, {
      "description" : "\n                    Check to display a button which switches the view into fullscreen mode. The button is only available in the KNIME WebPortal.\n                ",
      "name" : "Display fullscreen button",
      "optional" : false
    }, {
      "description" : "\n                    Check if the maximum of the Y-Axis should be displayed.\n                ",
      "name" : "Show maximum value",
      "optional" : false
    }, {
      "description" : "\n                    Check if the value of each bar should be displayed next to the bar.\n                ",
      "name" : "Show static bar values",
      "optional" : false
    }, {
      "description" : "\n\t\t\t\t\tSettings for SVG image generation.\n\t\t\t\t",
      "name" : "Image",
      "optional" : false
    }, {
      "description" : "\n                    If checked, warning messages will be displayed in the view when they occur.\n                ",
      "name" : "Show warnings in view",
      "optional" : false
    } ],
    "sectionName" : "General Plot Options"
  }, {
    "fields" : [ {
      "description" : "\n\t\t\t\t\tCheck to enable controls in the chart.\n\t\t\t\t",
      "name" : "Enable view controls",
      "optional" : false
    }, {
      "description" : "\n\t\t\t\t\tCheck to enable the display a control to choose grouped or stacked display of the bars.\n\t\t\t\t",
      "name" : "Enable Grouped/Stacked Chooser",
      "optional" : false
    }, {
      "description" : "\n\t\t\t\t\tCheck to enable interactive toggling between a horizontal or\n\t\t\t\t\tvertical bar chart.\n\t\t\t\t",
      "name" : "Enable plot orientation change",
      "optional" : false
    }, {
      "description" : "\n\t\t\t\t\tCheck to enable editing whether or not the labels for the category axis are rendered staggered.\n\t\t\t\t",
      "name" : "Enable stagger label change",
      "optional" : false
    }, {
      "description" : "\n\t\t\t\t\tCheck to enable the editing of the title within the view.\n\t\t\t\t",
      "name" : "Enable Title editing",
      "optional" : false
    }, {
      "description" : "\n\t\t\t\t\tCheck to enable the editing of the subtitle within the view.\n\t\t\t\t",
      "name" : "Enable Subtitle editing",
      "optional" : false
    }, {
      "description" : "\n\t\t\t\t\tCheck to enable the editing of the axis titles within the view.\n\t\t\t\t",
      "name" : "Enable Axis title editing",
      "optional" : false
    }, {
      "description" : "\n                    Check to enable to show and hide 'Missing values' category in the view.\n                ",
      "name" : "Enable switching 'Missing values' category",
      "optional" : false
    }, {
      "description" : "\n                    Check to enable to show and hide maximum value on the y-axis.\n                ",
      "name" : "Enable showing maximum value on y-axis",
      "optional" : false
    }, {
      "description" : "\n\t\t\t\t\tCheck to enable to show and hide the static bar values within the view.\n\t\t\t\t",
      "name" : "Enable showing static bar values",
      "optional" : false
    } ],
    "sectionName" : "Control Options"
  }, {
    "fields" : [ {
      "description" : "\n\t        \t\tIf checked a separate column containing checkboxes is rendered in the view.\n\t        \t",
      "name" : "Enable selection",
      "optional" : false
    }, {
      "description" : "\n\t        \t    If checked, the view reacts on notifications from other interactive views that the selection has \n\t        \t    been changed. See also \"Publish selection events\".\n\t        \t",
      "name" : "Subscribe to selection events",
      "optional" : false
    }, {
      "description" : "\n\t        \t    If checked, notifies other interactive views when user changes the selection in the current view. \n\t        \t    See also \"Subscribe to selection events\".\n\t        \t",
      "name" : "Publish selection events",
      "optional" : false
    }, {
      "description" : "\n\t               Displays a button to clear current selection.\n\t           ",
      "name" : "Display clear selection button",
      "optional" : false
    } ],
    "sectionDescription" : "\n        \t\tThe JavaScript bar chart view allows for several ways of interactivity. Please use the options below to \n        \t\tconfigure which features will be activated on the view and further configuration of interactive \n        \t\tproperties.\n        \t",
    "sectionName" : "Interactivity"
  } ],
  "outPorts" : [ {
    "description" : "\n\t\t\tSVG image of the bar chart.\n\t\t",
    "name" : "Bar chart image",
    "optional" : false,
    "typeId" : "org.knime.core.node.port.image.ImagePortObject"
  } ],
  "shortDescription" : "A bar chart based on the NVD3 library."
}