{
  "jsonrpc" : "2.0",
  "id" : 0,
  "result" : {
    "rows" : [ {
      "cells" : [ {
        "valueAsString" : "0"
      }, {
        "valueAsString" : "0"
      }, {
        "valueAsString" : "0"
      }, {
        "valueAsString" : "0.0"
      }, {
        "valueAsString" : "false"
      }, {
        "valueAsString" : "-999999999-01-01T00:00"
      }, {
        "type" : {
          "name" : "Number (double)",
          "preferredValueId" : "org.knime.core.data.DoubleValue"
        },
        "valueAsString" : "1.7976931348623157E308"
      } ],
      "id" : "0"
    }, {
      "cells" : [ { }, {
        "error" : "error 1"
      }, { }, {
        "error" : "error 3"
      }, { }, {
        "error" : "error 5"
      }, { } ],
      "id" : "1"
    }, {
      "cells" : [ {
        "valueAsString" : "2"
      }, {
        "valueAsString" : "2"
      }, {
        "valueAsString" : "2"
      }, {
        "valueAsString" : "2.0"
      }, {
        "valueAsString" : "false"
      }, {
        "valueAsString" : "-999999999-01-01T00:00"
      }, {
        "type" : {
          "name" : "Number (double)",
          "preferredValueId" : "org.knime.core.data.DoubleValue"
        },
        "valueAsString" : "1.7976931348623157E308"
      } ],
      "id" : "2"
    }, {
      "cells" : [ {
        "valueAsString" : "3"
      }, {
        "valueAsString" : "3"
      }, {
        "valueAsString" : "3"
      }, {
        "valueAsString" : "3.0"
      }, {
        "valueAsString" : "true"
      }, {
        "valueAsString" : "-999999999-01-01T00:00"
      }, {
        "type" : {
          "name" : "String",
          "preferredValueId" : "org.knime.core.data.StringValue"
        },
        "valueAsString" : "11"
      } ],
      "id" : "3"
    }, {
      "cells" : [ {
        "valueAsString" : "4"
      }, {
        "valueAsString" : "4"
      }, {
        "valueAsString" : "4"
      }, {
        "valueAsString" : "4.0"
      }, {
        "valueAsString" : "false"
      }, {
        "valueAsString" : "-999999999-01-01T00:00"
      }, {
        "type" : {
          "name" : "Number (double)",
          "preferredValueId" : "org.knime.core.data.DoubleValue"
        },
        "valueAsString" : "1.7976931348623157E308"
      } ],
      "id" : "4"
    } ],
    "spec" : {
      "cellTypes" : {
        "org.knime.core.data.def.IntCell" : {
          "name" : "Number (integer)",
          "preferredValueId" : "org.knime.core.data.IntValue"
        },
        "org.knime.core.data.def.BooleanCell" : {
          "name" : "Boolean value",
          "preferredValueId" : "org.knime.core.data.BooleanValue"
        },
        "org.knime.core.data.DataValue" : {
          "name" : "?",
          "preferredValueId" : "org.knime.core.data.DataValue"
        },
        "org.knime.core.data.def.StringCell" : {
          "name" : "String",
          "preferredValueId" : "org.knime.core.data.StringValue"
        },
        "org.knime.core.data.def.LongCell" : {
          "name" : "Number (long)",
          "preferredValueId" : "org.knime.core.data.LongValue"
        },
        "org.knime.core.data.def.DoubleCell" : {
          "name" : "Number (double)",
          "preferredValueId" : "org.knime.core.data.DoubleValue"
        },
        "org.knime.core.data.time.localdatetime.LocalDateTimeCell" : {
          "name" : "Local Date Time",
          "preferredValueId" : "org.knime.core.data.time.localdatetime.LocalDateTimeValue"
        }
      },
      "columns" : [ {
        "domain" : {
          "lowerBound" : "0",
          "upperBound" : "4"
        },
        "name" : "int",
        "typeRef" : "org.knime.core.data.def.IntCell"
      }, {
        "name" : "string",
        "typeRef" : "org.knime.core.data.def.StringCell"
      }, {
        "domain" : {
          "lowerBound" : "0",
          "upperBound" : "4"
        },
        "name" : "long",
        "typeRef" : "org.knime.core.data.def.LongCell"
      }, {
        "domain" : {
          "lowerBound" : "0.0",
          "upperBound" : "4.0"
        },
        "name" : "double",
        "typeRef" : "org.knime.core.data.def.DoubleCell"
      }, {
        "domain" : {
          "lowerBound" : "false",
          "upperBound" : "true"
        },
        "name" : "boolean",
        "typeRef" : "org.knime.core.data.def.BooleanCell"
      }, {
        "domain" : {
          "lowerBound" : "-999999999-01-01T00:00",
          "upperBound" : "-999999999-01-01T00:00"
        },
        "name" : "datetime",
        "typeRef" : "org.knime.core.data.time.localdatetime.LocalDateTimeCell"
      }, {
        "name" : "mixed-type",
        "typeRef" : "org.knime.core.data.DataValue"
      } ],
      "totalNumColumns" : 7
    },
    "totalNumRows" : 5
  }
}
