{
  "root:1" : {
    "canCancel" : false,
    "canCollapse" : "true",
    "canDelete" : true,
    "canExecute" : true,
    "canOpenDialog" : true,
    "canOpenLegacyFlowVariableDialog" : true,
    "canOpenView" : false,
    "canReset" : false
  },
  "root:11" : {
    "canCancel" : false,
    "canCollapse" : "true",
    "canDelete" : true,
    "canExecute" : true,
    "canExpand" : "true",
    "canOpenDialog" : true,
    "canOpenView" : false,
    "canReset" : false
  },
  "root:12" : {
    "canCancel" : false,
    "canCollapse" : "true",
    "canDelete" : true,
    "canExecute" : true,
    "canOpenDialog" : true,
    "canReset" : false
  },
  "root:14" : {
    "canCancel" : false,
    "canCollapse" : "true",
    "canDelete" : true,
    "canExecute" : true,
    "canExpand" : "true",
    "canOpenDialog" : true,
    "canReset" : false
  },
  "root:15" : {
    "canCancel" : false,
    "canCollapse" : "true",
    "canDelete" : true,
    "canExecute" : true,
    "canOpenDialog" : true,
    "canOpenLegacyFlowVariableDialog" : true,
    "canOpenView" : false,
    "canReset" : false
  },
  "root:2" : {
    "canCancel" : false,
    "canCollapse" : "true",
    "canDelete" : true,
    "canExecute" : true,
    "canOpenDialog" : true,
    "canReset" : false
  },
  "root:3" : {
    "canCancel" : false,
    "canCollapse" : "true",
    "canDelete" : true,
    "canExecute" : true,
    "canOpenDialog" : true,
    "canOpenView" : false,
    "canReset" : false
  },
  "root:4" : {
    "canCancel" : false,
    "canCollapse" : "true",
    "canDelete" : true,
    "canExecute" : true,
    "canOpenDialog" : true,
    "canReset" : false
  },
  "root:7" : {
    "canCancel" : false,
    "canCollapse" : "true",
    "canDelete" : true,
    "canExecute" : true,
    "canExpand" : "true",
    "canOpenDialog" : true,
    "canOpenView" : false,
    "canReset" : false
  },
  "root:8" : {
    "canCancel" : false,
    "canCollapse" : "true",
    "canDelete" : true,
    "canExecute" : true,
    "canExpand" : "true",
    "canOpenDialog" : true,
    "canOpenView" : false,
    "canReset" : false
  }
}